// === QuickInfo ===
=== /jsdocLink4.ts ===
// declare class I {
//   /** {@link I} */
//   bar(): void
//      ^
// | ----------------------------------------------------------------------
// | ```tsx
// | (method) I.bar(): void
// | ```
// | `I`
// | ----------------------------------------------------------------------
// }
// /** {@link I} */
// var n = 1
//      ^
// | ----------------------------------------------------------------------
// | ```tsx
// | var n: number
// | ```
// | `I`
// | ----------------------------------------------------------------------
// /**
//  * A real, very serious {@link I to an interface}. Right there.
//  * @param x one {@link Pos here too}
//  */
// function f(x) {
// }
// f()
//  ^
// | ----------------------------------------------------------------------
// | ```tsx
// | function f(x: any): void
// | ```
// | A real, very serious Ito an interface. Right there.
// | 
// | *@param* `x` — one Poshere too
// | ----------------------------------------------------------------------
// type Pos = [number, number]
