// === QuickInfo ===
=== /jsDocTypeTag1.js ===
// /** @type {String} */
// var S;
//     ^
// | ----------------------------------------------------------------------
// | ```tsx
// | var S: String
// | ```
// | 
// | ----------------------------------------------------------------------
// /** @type {Number} */
// var N;
//     ^
// | ----------------------------------------------------------------------
// | ```tsx
// | var N: Number
// | ```
// | 
// | ----------------------------------------------------------------------
// /** @type {Boolean} */
// var B;
//     ^
// | ----------------------------------------------------------------------
// | ```tsx
// | var B: Boolean
// | ```
// | 
// | ----------------------------------------------------------------------
// /** @type {Void} */
// var V;
//     ^
// | ----------------------------------------------------------------------
// | ```tsx
// | var V: Void
// | ```
// | 
// | ----------------------------------------------------------------------
// /** @type {Undefined} */
// var U;
//     ^
// | ----------------------------------------------------------------------
// | ```tsx
// | var U: Undefined
// | ```
// | 
// | ----------------------------------------------------------------------
// /** @type {Null} */
// var Nl;
//     ^
// | ----------------------------------------------------------------------
// | ```tsx
// | var Nl: Null
// | ```
// | 
// | ----------------------------------------------------------------------
// /** @type {Array} */
// var A;
//     ^
// | ----------------------------------------------------------------------
// | ```tsx
// | var A: any[]
// | ```
// | 
// | ----------------------------------------------------------------------
// /** @type {Promise} */
// var P;
//     ^
// | ----------------------------------------------------------------------
// | ```tsx
// | var P: Promise<any>
// | ```
// | 
// | ----------------------------------------------------------------------
// /** @type {Object} */
// var Obj;
//     ^
// | ----------------------------------------------------------------------
// | ```tsx
// | var Obj: Object
// | ```
// | 
// | ----------------------------------------------------------------------
// /** @type {Function} */
// var Func;
//     ^
// | ----------------------------------------------------------------------
// | ```tsx
// | var Func: Function
// | ```
// | 
// | ----------------------------------------------------------------------
// /** @type {*} */
// var AnyType;
//     ^
// | ----------------------------------------------------------------------
// | ```tsx
// | var AnyType: any
// | ```
// | 
// | ----------------------------------------------------------------------
// /** @type {?} */
// var QType;
//     ^
// | ----------------------------------------------------------------------
// | ```tsx
// | var QType: any
// | ```
// | 
// | ----------------------------------------------------------------------
// /** @type {String|Number} */
// var SOrN;
//     ^
// | ----------------------------------------------------------------------
// | ```tsx
// | var SOrN: Number | String
// | ```
// | 
// | ----------------------------------------------------------------------
