// === QuickInfo ===
=== /jsDocTypeTag2.js ===
// /** @type {string} */
// var s;
//     ^
// | ----------------------------------------------------------------------
// | ```tsx
// | var s: string
// | ```
// | 
// | ----------------------------------------------------------------------
// /** @type {number} */
// var n;
//     ^
// | ----------------------------------------------------------------------
// | ```tsx
// | var n: number
// | ```
// | 
// | ----------------------------------------------------------------------
// /** @type {boolean} */
// var b;
//     ^
// | ----------------------------------------------------------------------
// | ```tsx
// | var b: boolean
// | ```
// | 
// | ----------------------------------------------------------------------
// /** @type {void} */
// var v;
//     ^
// | ----------------------------------------------------------------------
// | ```tsx
// | var v: void
// | ```
// | 
// | ----------------------------------------------------------------------
// /** @type {undefined} */
// var u;
//     ^
// | ----------------------------------------------------------------------
// | ```tsx
// | var u: undefined
// | ```
// | 
// | ----------------------------------------------------------------------
// /** @type {null} */
// var nl;
//     ^
// | ----------------------------------------------------------------------
// | ```tsx
// | var nl: null
// | ```
// | 
// | ----------------------------------------------------------------------
// /** @type {array} */
// var a;
//     ^
// | ----------------------------------------------------------------------
// | ```tsx
// | var a: array
// | ```
// | 
// | ----------------------------------------------------------------------
// /** @type {promise} */
// var p;
//     ^
// | ----------------------------------------------------------------------
// | ```tsx
// | var p: promise
// | ```
// | 
// | ----------------------------------------------------------------------
// /** @type {?number} */
// var nullable;
//     ^
// | ----------------------------------------------------------------------
// | ```tsx
// | var nullable: number
// | ```
// | 
// | ----------------------------------------------------------------------
// /** @type {function} */
// var func;
//     ^
// | ----------------------------------------------------------------------
// | ```tsx
// | var func: function
// | ```
// | 
// | ----------------------------------------------------------------------
// /** @type {function (number): number} */
// var func1;
//     ^
// | ----------------------------------------------------------------------
// | ```tsx
// | var func1: function
// | ```
// | 
// | ----------------------------------------------------------------------
// /** @type {string | number} */
// var sOrn;
//     ^
// | ----------------------------------------------------------------------
// | ```tsx
// | var sOrn: string | number
// | ```
// | 
// | ----------------------------------------------------------------------
