// === QuickInfo ===
=== /quickInfoDisplayPartsParameters.ts ===
// /** @return *crunch* */
// function foo(param: string, optionalParam?: string, paramWithInitializer = "hello", ...restParam: string[]) {
//          ^
// | ----------------------------------------------------------------------
// | ```tsx
// | function foo(param: string, optionalParam?: string, paramWithInitializer?: string, ...restParam: string[]): void
// | ```
// | 
// | 
// | *@return* — *crunch* 
// | ----------------------------------------------------------------------
//              ^
// | ----------------------------------------------------------------------
// | ```tsx
// | (parameter) param: string
// | ```
// | 
// | ----------------------------------------------------------------------
//                             ^
// | ----------------------------------------------------------------------
// | ```tsx
// | (parameter) optionalParam: string
// | ```
// | 
// | ----------------------------------------------------------------------
//                                                     ^
// | ----------------------------------------------------------------------
// | ```tsx
// | (parameter) paramWithInitializer: string
// | ```
// | 
// | ----------------------------------------------------------------------
//                                                                                        ^
// | ----------------------------------------------------------------------
// | ```tsx
// | (parameter) restParam: string[]
// | ```
// | 
// | ----------------------------------------------------------------------
//     param = "Hello";
//     ^
// | ----------------------------------------------------------------------
// | ```tsx
// | (parameter) param: string
// | ```
// | 
// | ----------------------------------------------------------------------
//     optionalParam = "World";
//     ^
// | ----------------------------------------------------------------------
// | ```tsx
// | (parameter) optionalParam: string
// | ```
// | 
// | ----------------------------------------------------------------------
//     paramWithInitializer = "Hello";
//     ^
// | ----------------------------------------------------------------------
// | ```tsx
// | (parameter) paramWithInitializer: string
// | ```
// | 
// | ----------------------------------------------------------------------
//     restParam[0] = "World";
//     ^
// | ----------------------------------------------------------------------
// | ```tsx
// | (parameter) restParam: string[]
// | ```
// | 
// | ----------------------------------------------------------------------
// }
