// === QuickInfo ===
=== /quickInfoDisplayPartsUsing.ts ===
// using a = "a";
//        ^
// | ----------------------------------------------------------------------
// | ```tsx
// | using a: "a"
// | ```
// | 
// | ----------------------------------------------------------------------
// const f = async () => {
//     await using b = { async [Symbol.asyncDispose]() {} };
//                 ^
// | ----------------------------------------------------------------------
// | ```tsx
// | await using b: { [Symbol.asyncDispose](): Promise<void>; }
// | ```
// | 
// | ----------------------------------------------------------------------
// };
