// === QuickInfo ===
=== /quickInfoDisplayPartsTypeParameterInFunction.ts ===
// function foo<U>(a: U) {
//          ^
// | ----------------------------------------------------------------------
// | ```tsx
// | function foo<U>(a: U): U
// | ```
// | 
// | ----------------------------------------------------------------------
//              ^
// | ----------------------------------------------------------------------
// | ```tsx
// | (type parameter) U
// | ```
// | 
// | ----------------------------------------------------------------------
//                 ^
// | ----------------------------------------------------------------------
// | ```tsx
// | (parameter) a: U
// | ```
// | 
// | ----------------------------------------------------------------------
//                    ^
// | ----------------------------------------------------------------------
// | ```tsx
// | (type parameter) U
// | ```
// | 
// | ----------------------------------------------------------------------
//     return a;
//            ^
// | ----------------------------------------------------------------------
// | ```tsx
// | (parameter) a: U
// | ```
// | 
// | ----------------------------------------------------------------------
// }
// foo("Hello");
// ^
// | ----------------------------------------------------------------------
// | ```tsx
// | function foo<"Hello">(a: "Hello"): "Hello"
// | ```
// | 
// | ----------------------------------------------------------------------
// function foo2<U extends string>(a: U) {
//          ^
// | ----------------------------------------------------------------------
// | ```tsx
// | function foo2<U extends string>(a: U): U
// | ```
// | 
// | ----------------------------------------------------------------------
//               ^
// | ----------------------------------------------------------------------
// | ```tsx
// | (type parameter) U extends string
// | ```
// | 
// | ----------------------------------------------------------------------
//                                 ^
// | ----------------------------------------------------------------------
// | ```tsx
// | (parameter) a: U
// | ```
// | 
// | ----------------------------------------------------------------------
//                                    ^
// | ----------------------------------------------------------------------
// | ```tsx
// | (type parameter) U extends string
// | ```
// | 
// | ----------------------------------------------------------------------
//     return a;
//            ^
// | ----------------------------------------------------------------------
// | ```tsx
// | (parameter) a: U
// | ```
// | 
// | ----------------------------------------------------------------------
// }
// foo2("hello");
// ^
// | ----------------------------------------------------------------------
// | ```tsx
// | function foo2<"hello">(a: "hello"): "hello"
// | ```
// | 
// | ----------------------------------------------------------------------
