// === QuickInfo ===
=== /quickInfoDisplayPartsTypeParameterInTypeAlias.ts ===
// type List<T> = T[]
//      ^
// | ----------------------------------------------------------------------
// | ```tsx
// | type List<T> = T[]
// | ```
// | 
// | ----------------------------------------------------------------------
//           ^
// | ----------------------------------------------------------------------
// | ```tsx
// | (type parameter) T
// | ```
// | 
// | ----------------------------------------------------------------------
//                ^
// | ----------------------------------------------------------------------
// | ```tsx
// | (type parameter) T
// | ```
// | 
// | ----------------------------------------------------------------------
// type List2<T extends string> = T[];
//      ^
// | ----------------------------------------------------------------------
// | ```tsx
// | type List2<T extends string> = T[]
// | ```
// | 
// | ----------------------------------------------------------------------
//            ^
// | ----------------------------------------------------------------------
// | ```tsx
// | (type parameter) T extends string
// | ```
// | 
// | ----------------------------------------------------------------------
//                                ^
// | ----------------------------------------------------------------------
// | ```tsx
// | (type parameter) T extends string
// | ```
// | 
// | ----------------------------------------------------------------------
