// === QuickInfo ===
=== /quickInfoDisplayPartsInterface.ts ===
// interface i {
//           ^
// | ----------------------------------------------------------------------
// | ```tsx
// | interface i
// | ```
// | 
// | ----------------------------------------------------------------------
// }
// var iInstance: i;
//     ^
// | ----------------------------------------------------------------------
// | ```tsx
// | var iInstance: i
// | ```
// | 
// | ----------------------------------------------------------------------
//                ^
// | ----------------------------------------------------------------------
// | ```tsx
// | interface i
// | ```
// | 
// | ----------------------------------------------------------------------
