// === QuickInfo ===
=== /quickInfoDisplayPartsTypeParameterInInterface.ts ===
// interface I<T> {
//           ^
// | ----------------------------------------------------------------------
// | ```tsx
// | interface I<T>
// | ```
// | 
// | ----------------------------------------------------------------------
//             ^
// | ----------------------------------------------------------------------
// | ```tsx
// | (type parameter) T
// | ```
// | 
// | ----------------------------------------------------------------------
//     new <U>(a: U, b: T): U;
//          ^
// | ----------------------------------------------------------------------
// | ```tsx
// | (type parameter) U
// | ```
// | 
// | ----------------------------------------------------------------------
//             ^
// | ----------------------------------------------------------------------
// | ```tsx
// | (parameter) a: U
// | ```
// | 
// | ----------------------------------------------------------------------
//                ^
// | ----------------------------------------------------------------------
// | ```tsx
// | (type parameter) U
// | ```
// | 
// | ----------------------------------------------------------------------
//                   ^
// | ----------------------------------------------------------------------
// | ```tsx
// | (parameter) b: T
// | ```
// | 
// | ----------------------------------------------------------------------
//                      ^
// | ----------------------------------------------------------------------
// | ```tsx
// | (type parameter) T
// | ```
// | 
// | ----------------------------------------------------------------------
//                          ^
// | ----------------------------------------------------------------------
// | ```tsx
// | (type parameter) U
// | ```
// | 
// | ----------------------------------------------------------------------
//     <U>(a: U, b: T): U;
//      ^
// | ----------------------------------------------------------------------
// | ```tsx
// | (type parameter) U
// | ```
// | 
// | ----------------------------------------------------------------------
//         ^
// | ----------------------------------------------------------------------
// | ```tsx
// | (parameter) a: U
// | ```
// | 
// | ----------------------------------------------------------------------
//            ^
// | ----------------------------------------------------------------------
// | ```tsx
// | (type parameter) U
// | ```
// | 
// | ----------------------------------------------------------------------
//               ^
// | ----------------------------------------------------------------------
// | ```tsx
// | (parameter) b: T
// | ```
// | 
// | ----------------------------------------------------------------------
//                  ^
// | ----------------------------------------------------------------------
// | ```tsx
// | (type parameter) T
// | ```
// | 
// | ----------------------------------------------------------------------
//                      ^
// | ----------------------------------------------------------------------
// | ```tsx
// | (type parameter) U
// | ```
// | 
// | ----------------------------------------------------------------------
//     method<U>(a: U, b: T): U;
//     ^
// | ----------------------------------------------------------------------
// | ```tsx
// | (method) I.method<U>(a: U, b: T): U
// | ```
// | 
// | ----------------------------------------------------------------------
//            ^
// | ----------------------------------------------------------------------
// | ```tsx
// | (type parameter) U
// | ```
// | 
// | ----------------------------------------------------------------------
//               ^
// | ----------------------------------------------------------------------
// | ```tsx
// | (parameter) a: U
// | ```
// | 
// | ----------------------------------------------------------------------
//                  ^
// | ----------------------------------------------------------------------
// | ```tsx
// | (type parameter) U
// | ```
// | 
// | ----------------------------------------------------------------------
//                     ^
// | ----------------------------------------------------------------------
// | ```tsx
// | (parameter) b: T
// | ```
// | 
// | ----------------------------------------------------------------------
//                        ^
// | ----------------------------------------------------------------------
// | ```tsx
// | (type parameter) T
// | ```
// | 
// | ----------------------------------------------------------------------
//                            ^
// | ----------------------------------------------------------------------
// | ```tsx
// | (type parameter) U
// | ```
// | 
// | ----------------------------------------------------------------------
// }
// var iVal: I<string>;
//     ^
// | ----------------------------------------------------------------------
// | ```tsx
// | var iVal: I<string>
// | ```
// | 
// | ----------------------------------------------------------------------
//           ^
// | ----------------------------------------------------------------------
// | ```tsx
// | interface I<T>
// | ```
// | 
// | ----------------------------------------------------------------------
// new iVal("hello", "hello");
//     ^
// | ----------------------------------------------------------------------
// | ```tsx
// | var iVal: I<string>
// | ```
// | 
// | ----------------------------------------------------------------------
// iVal("hello", "hello");
// ^
// | ----------------------------------------------------------------------
// | ```tsx
// | var iVal: I<string>
// | ```
// | 
// | ----------------------------------------------------------------------
// iVal.method("hello", "hello");
// ^
// | ----------------------------------------------------------------------
// | ```tsx
// | var iVal: I<string>
// | ```
// | 
// | ----------------------------------------------------------------------
//      ^
// | ----------------------------------------------------------------------
// | ```tsx
// | (method) I.method<"hello">(a: "hello", b: string): "hello"
// | ```
// | 
// | ----------------------------------------------------------------------
// interface I1<T extends I<string>> {
//           ^
// | ----------------------------------------------------------------------
// | ```tsx
// | interface I1<T extends I<string>>
// | ```
// | 
// | ----------------------------------------------------------------------
//              ^
// | ----------------------------------------------------------------------
// | ```tsx
// | (type parameter) T extends I<string>
// | ```
// | 
// | ----------------------------------------------------------------------
//                        ^
// | ----------------------------------------------------------------------
// | ```tsx
// | interface I<T>
// | ```
// | 
// | ----------------------------------------------------------------------
//     new <U extends I<string>>(a: U, b: T): U;
//          ^
// | ----------------------------------------------------------------------
// | ```tsx
// | (type parameter) U extends I<string>
// | ```
// | 
// | ----------------------------------------------------------------------
//                    ^
// | ----------------------------------------------------------------------
// | ```tsx
// | interface I<T>
// | ```
// | 
// | ----------------------------------------------------------------------
//                               ^
// | ----------------------------------------------------------------------
// | ```tsx
// | (parameter) a: U
// | ```
// | 
// | ----------------------------------------------------------------------
//                                  ^
// | ----------------------------------------------------------------------
// | ```tsx
// | (type parameter) U extends I<string>
// | ```
// | 
// | ----------------------------------------------------------------------
//                                     ^
// | ----------------------------------------------------------------------
// | ```tsx
// | (parameter) b: T
// | ```
// | 
// | ----------------------------------------------------------------------
//                                        ^
// | ----------------------------------------------------------------------
// | ```tsx
// | (type parameter) T extends I<string>
// | ```
// | 
// | ----------------------------------------------------------------------
//                                            ^
// | ----------------------------------------------------------------------
// | ```tsx
// | (type parameter) U extends I<string>
// | ```
// | 
// | ----------------------------------------------------------------------
//     <U extends I<string>>(a: U, b: T): U;
//      ^
// | ----------------------------------------------------------------------
// | ```tsx
// | (type parameter) U extends I<string>
// | ```
// | 
// | ----------------------------------------------------------------------
//                ^
// | ----------------------------------------------------------------------
// | ```tsx
// | interface I<T>
// | ```
// | 
// | ----------------------------------------------------------------------
//                           ^
// | ----------------------------------------------------------------------
// | ```tsx
// | (parameter) a: U
// | ```
// | 
// | ----------------------------------------------------------------------
//                              ^
// | ----------------------------------------------------------------------
// | ```tsx
// | (type parameter) U extends I<string>
// | ```
// | 
// | ----------------------------------------------------------------------
//                                 ^
// | ----------------------------------------------------------------------
// | ```tsx
// | (parameter) b: T
// | ```
// | 
// | ----------------------------------------------------------------------
//                                    ^
// | ----------------------------------------------------------------------
// | ```tsx
// | (type parameter) T extends I<string>
// | ```
// | 
// | ----------------------------------------------------------------------
//                                        ^
// | ----------------------------------------------------------------------
// | ```tsx
// | (type parameter) U extends I<string>
// | ```
// | 
// | ----------------------------------------------------------------------
//     method<U extends I<string>>(a: U, b: T): U;
//     ^
// | ----------------------------------------------------------------------
// | ```tsx
// | (method) I1.method<U extends I<string>>(a: U, b: T): U
// | ```
// | 
// | ----------------------------------------------------------------------
//            ^
// | ----------------------------------------------------------------------
// | ```tsx
// | (type parameter) U extends I<string>
// | ```
// | 
// | ----------------------------------------------------------------------
//                      ^
// | ----------------------------------------------------------------------
// | ```tsx
// | interface I<T>
// | ```
// | 
// | ----------------------------------------------------------------------
//                                 ^
// | ----------------------------------------------------------------------
// | ```tsx
// | (parameter) a: U
// | ```
// | 
// | ----------------------------------------------------------------------
//                                    ^
// | ----------------------------------------------------------------------
// | ```tsx
// | (type parameter) U extends I<string>
// | ```
// | 
// | ----------------------------------------------------------------------
//                                       ^
// | ----------------------------------------------------------------------
// | ```tsx
// | (parameter) b: T
// | ```
// | 
// | ----------------------------------------------------------------------
//                                          ^
// | ----------------------------------------------------------------------
// | ```tsx
// | (type parameter) T extends I<string>
// | ```
// | 
// | ----------------------------------------------------------------------
//                                              ^
// | ----------------------------------------------------------------------
// | ```tsx
// | (type parameter) U extends I<string>
// | ```
// | 
// | ----------------------------------------------------------------------
// }
// var iVal1: I1<I<string>>;
//     ^
// | ----------------------------------------------------------------------
// | ```tsx
// | var iVal1: I1<I<string>>
// | ```
// | 
// | ----------------------------------------------------------------------
//            ^
// | ----------------------------------------------------------------------
// | ```tsx
// | interface I1<T extends I<string>>
// | ```
// | 
// | ----------------------------------------------------------------------
//               ^
// | ----------------------------------------------------------------------
// | ```tsx
// | interface I<T>
// | ```
// | 
// | ----------------------------------------------------------------------
// new iVal1(iVal, iVal);
//     ^
// | ----------------------------------------------------------------------
// | ```tsx
// | var iVal1: I1<I<string>>
// | ```
// | 
// | ----------------------------------------------------------------------
//           ^
// | ----------------------------------------------------------------------
// | ```tsx
// | var iVal: I<string>
// | ```
// | 
// | ----------------------------------------------------------------------
//                 ^
// | ----------------------------------------------------------------------
// | ```tsx
// | var iVal: I<string>
// | ```
// | 
// | ----------------------------------------------------------------------
// iVal1(iVal, iVal);
// ^
// | ----------------------------------------------------------------------
// | ```tsx
// | var iVal1: I1<I<string>>
// | ```
// | 
// | ----------------------------------------------------------------------
//       ^
// | ----------------------------------------------------------------------
// | ```tsx
// | var iVal: I<string>
// | ```
// | 
// | ----------------------------------------------------------------------
//             ^
// | ----------------------------------------------------------------------
// | ```tsx
// | var iVal: I<string>
// | ```
// | 
// | ----------------------------------------------------------------------
// iVal1.method(iVal, iVal);
// ^
// | ----------------------------------------------------------------------
// | ```tsx
// | var iVal1: I1<I<string>>
// | ```
// | 
// | ----------------------------------------------------------------------
//       ^
// | ----------------------------------------------------------------------
// | ```tsx
// | (method) I1.method<I<string>>(a: I<string>, b: I<string>): I<string>
// | ```
// | 
// | ----------------------------------------------------------------------
//              ^
// | ----------------------------------------------------------------------
// | ```tsx
// | var iVal: I<string>
// | ```
// | 
// | ----------------------------------------------------------------------
//                    ^
// | ----------------------------------------------------------------------
// | ```tsx
// | var iVal: I<string>
// | ```
// | 
// | ----------------------------------------------------------------------
