// === QuickInfo ===
=== /quickInfoDisplayPartsLiteralLikeNames01.ts ===
// class C {
//     public 1() { }
//            ^
// | ----------------------------------------------------------------------
// | ```tsx
// | (method) C[1](): void
// | ```
// | 
// | ----------------------------------------------------------------------
//     private Infinity() { }
//             ^
// | ----------------------------------------------------------------------
// | ```tsx
// | (method) C.Infinity(): void
// | ```
// | 
// | ----------------------------------------------------------------------
//     protected NaN() { }
//               ^
// | ----------------------------------------------------------------------
// | ```tsx
// | (method) C.NaN(): void
// | ```
// | 
// | ----------------------------------------------------------------------
//     static "stringLiteralName"() { }
//            ^
// | ----------------------------------------------------------------------
// | ```tsx
// | (method) C["stringLiteralName"](): void
// | ```
// | 
// | ----------------------------------------------------------------------
//     method() {
//         this[1]();
//              ^
// | ----------------------------------------------------------------------
// | ```tsx
// | (method) C[1](): void
// | ```
// | 
// | ----------------------------------------------------------------------
//         this["1"]();
//              ^
// | ----------------------------------------------------------------------
// | ```tsx
// | (method) C[1](): void
// | ```
// | 
// | ----------------------------------------------------------------------
//         this.Infinity();
//              ^
// | ----------------------------------------------------------------------
// | ```tsx
// | (method) C.Infinity(): void
// | ```
// | 
// | ----------------------------------------------------------------------
//         this["Infinity"]();
//              ^
// | ----------------------------------------------------------------------
// | ```tsx
// | (method) C.Infinity(): void
// | ```
// | 
// | ----------------------------------------------------------------------
//         this.NaN();
//              ^
// | ----------------------------------------------------------------------
// | ```tsx
// | (method) C.NaN(): void
// | ```
// | 
// | ----------------------------------------------------------------------
//         C.stringLiteralName();
//           ^
// | ----------------------------------------------------------------------
// | ```tsx
// | (method) C["stringLiteralName"](): void
// | ```
// | 
// | ----------------------------------------------------------------------
//     }
