// === QuickInfo ===
=== /quickInfoDisplayPartsLet.ts ===
// let a = 10;
//     ^
// | ----------------------------------------------------------------------
// | ```tsx
// | let a: number
// | ```
// | 
// | ----------------------------------------------------------------------
// function foo() {
//     let b = a;
//         ^
// | ----------------------------------------------------------------------
// | ```tsx
// | let b: number
// | ```
// | 
// | ----------------------------------------------------------------------
//             ^
// | ----------------------------------------------------------------------
// | ```tsx
// | let a: number
// | ```
// | 
// | ----------------------------------------------------------------------
//     if (b) {
//         let b1 = 10;
//             ^
// | ----------------------------------------------------------------------
// | ```tsx
// | let b1: number
// | ```
// | 
// | ----------------------------------------------------------------------
//     }
// }
// module m {
//     let c = 10;
//         ^
// | ----------------------------------------------------------------------
// | ```tsx
// | let c: number
// | ```
// | 
// | ----------------------------------------------------------------------
//     export let d = 10;
//                ^
// | ----------------------------------------------------------------------
// | ```tsx
// | let d: number
// | ```
// | 
// | ----------------------------------------------------------------------
//     if (c) {
//         let e = 10;
//             ^
// | ----------------------------------------------------------------------
// | ```tsx
// | let e: number
// | ```
// | 
// | ----------------------------------------------------------------------
//     }
// }
// let f: () => number;
//     ^
// | ----------------------------------------------------------------------
// | ```tsx
// | let f: () => number
// | ```
// | 
// | ----------------------------------------------------------------------
// let g = f;
//     ^
// | ----------------------------------------------------------------------
// | ```tsx
// | let g: () => number
// | ```
// | 
// | ----------------------------------------------------------------------
//         ^
// | ----------------------------------------------------------------------
// | ```tsx
// | let f: () => number
// | ```
// | 
// | ----------------------------------------------------------------------
// f();
// ^
// | ----------------------------------------------------------------------
// | ```tsx
// | let f: () => number
// | ```
// | 
// | ----------------------------------------------------------------------
// let h: { (a: string): number; (a: number): string; };
//     ^
// | ----------------------------------------------------------------------
// | ```tsx
// | let h: { (a: string): number; (a: number): string; }
// | ```
// | 
// | ----------------------------------------------------------------------
// let i = h;
//     ^
// | ----------------------------------------------------------------------
// | ```tsx
// | let i: { (a: string): number; (a: number): string; }
// | ```
// | 
// | ----------------------------------------------------------------------
//         ^
// | ----------------------------------------------------------------------
// | ```tsx
// | let h: { (a: string): number; (a: number): string; }
// | ```
// | 
// | ----------------------------------------------------------------------
// h(10);
// ^
// | ----------------------------------------------------------------------
// | ```tsx
// | let h: { (a: string): number; (a: number): string; }
// | ```
// | 
// | ----------------------------------------------------------------------
// h("hello");
// ^
// | ----------------------------------------------------------------------
// | ```tsx
// | let h: { (a: string): number; (a: number): string; }
// | ```
// | 
// | ----------------------------------------------------------------------
