// === QuickInfo ===
=== /quickInfoDisplayPartsClassProperty.ts ===
// class c {
//     public publicProperty: string;
//            ^
// | ----------------------------------------------------------------------
// | ```tsx
// | (property) c.publicProperty: string
// | ```
// | 
// | ----------------------------------------------------------------------
//     private privateProperty: string;
//             ^
// | ----------------------------------------------------------------------
// | ```tsx
// | (property) c.privateProperty: string
// | ```
// | 
// | ----------------------------------------------------------------------
//     protected protectedProperty: string;
//               ^
// | ----------------------------------------------------------------------
// | ```tsx
// | (property) c.protectedProperty: string
// | ```
// | 
// | ----------------------------------------------------------------------
//     static staticProperty: string;
//            ^
// | ----------------------------------------------------------------------
// | ```tsx
// | (property) c.staticProperty: string
// | ```
// | 
// | ----------------------------------------------------------------------
//     private static privateStaticProperty: string;
//                    ^
// | ----------------------------------------------------------------------
// | ```tsx
// | (property) c.privateStaticProperty: string
// | ```
// | 
// | ----------------------------------------------------------------------
//     protected static protectedStaticProperty: string;
//                      ^
// | ----------------------------------------------------------------------
// | ```tsx
// | (property) c.protectedStaticProperty: string
// | ```
// | 
// | ----------------------------------------------------------------------
//     method() {
//         this.publicProperty;
//              ^
// | ----------------------------------------------------------------------
// | ```tsx
// | (property) c.publicProperty: string
// | ```
// | 
// | ----------------------------------------------------------------------
//         this.privateProperty;
//              ^
// | ----------------------------------------------------------------------
// | ```tsx
// | (property) c.privateProperty: string
// | ```
// | 
// | ----------------------------------------------------------------------
//         this.protectedProperty;
//              ^
// | ----------------------------------------------------------------------
// | ```tsx
// | (property) c.protectedProperty: string
// | ```
// | 
// | ----------------------------------------------------------------------
//         c.staticProperty;
//           ^
// | ----------------------------------------------------------------------
// | ```tsx
// | (property) c.staticProperty: string
// | ```
// | 
// | ----------------------------------------------------------------------
//         c.privateStaticProperty;
//           ^
// | ----------------------------------------------------------------------
// | ```tsx
// | (property) c.privateStaticProperty: string
// | ```
// | 
// | ----------------------------------------------------------------------
//         c.protectedStaticProperty;
//           ^
// | ----------------------------------------------------------------------
// | ```tsx
// | (property) c.protectedStaticProperty: string
// | ```
// | 
// | ----------------------------------------------------------------------
//     }
// }
// var cInstance = new c();
// cInstance.publicProperty;
// ^
// | ----------------------------------------------------------------------
// | ```tsx
// | var cInstance: c
// | ```
// | 
// | ----------------------------------------------------------------------
//           ^
// | ----------------------------------------------------------------------
// | ```tsx
// | (property) c.publicProperty: string
// | ```
// | 
// | ----------------------------------------------------------------------
// c.staticProperty;
// ^
// | ----------------------------------------------------------------------
// | ```tsx
// | class c
// | ```
// | 
// | ----------------------------------------------------------------------
//   ^
// | ----------------------------------------------------------------------
// | ```tsx
// | (property) c.staticProperty: string
// | ```
// | 
// | ----------------------------------------------------------------------
