// === QuickInfo ===
=== /quickInfoInheritDoc4.ts ===
// var A: any;
// 
// class B extends A {
//     /**
//      * @inheritdoc
//      */
//     static value() {
//            ^
// | ----------------------------------------------------------------------
// | ```tsx
// | (method) B.value(): any
// | ```
// | 
// | 
// | *@inheritdoc*
// | ----------------------------------------------------------------------
//         return undefined;
//     }
// }
