// === QuickInfo ===
=== /quickInfoDisplayPartsClassDefaultNamed.ts ===
// export default class C  {
// ^
// | ----------------------------------------------------------------------
// | No quickinfo at /*1*/.
// | ----------------------------------------------------------------------
//        ^
// | ----------------------------------------------------------------------
// | No quickinfo at /*2*/.
// | ----------------------------------------------------------------------
//                ^
// | ----------------------------------------------------------------------
// | No quickinfo at /*3*/.
// | ----------------------------------------------------------------------
//                      ^
// | ----------------------------------------------------------------------
// | ```tsx
// | class C
// | ```
// | 
// | ----------------------------------------------------------------------
//                        ^
// | ----------------------------------------------------------------------
// | No quickinfo at /*5*/.
// | ----------------------------------------------------------------------
// }
