// === QuickInfo ===
=== /quickInfoOnThis5.ts ===
// const foo = {
//     num: 0,
//     f() {
//         type Y = typeof this;
//                           ^
// | ----------------------------------------------------------------------
// | No quickinfo at /*1*/.
// | ----------------------------------------------------------------------
//         type Z = typeof this.num;
//                           ^
// | ----------------------------------------------------------------------
// | ```tsx
// | any
// | ```
// | 
// | ----------------------------------------------------------------------
//     },
//     g(this: number) {
//         type X = typeof this;
//                           ^
// | ----------------------------------------------------------------------
// | ```tsx
// | (parameter) this: number
// | ```
// | 
// | ----------------------------------------------------------------------
//     }
// }
// class Foo {
//     num = 0;
//     f() {
//         type Y = typeof this;
//                           ^
// | ----------------------------------------------------------------------
// | ```tsx
// | this
// | ```
// | 
// | ----------------------------------------------------------------------
//         type Z = typeof this.num;
//                           ^
// | ----------------------------------------------------------------------
// | ```tsx
// | this
// | ```
// | 
// | ----------------------------------------------------------------------
//     }
//     g(this: number) {
//         type X = typeof this;
//                           ^
// | ----------------------------------------------------------------------
// | ```tsx
// | (parameter) this: number
// | ```
// | 
// | ----------------------------------------------------------------------
//     }
// }
