// === QuickInfo ===
=== /something.js ===
// var C = function () { }
// /**
//  * The prototype method.
//  * @param {string} a Parameter definition.
//  */
// function f(a) {}
// C.prototype.m = f;
// 
// var x = new C();
// x.m();
//  ^
// | ----------------------------------------------------------------------
// | ```tsx
// | var x: any
// | ```
// | 
// | ----------------------------------------------------------------------
