// === QuickInfo ===
=== /quickInfoForObjectBindingElementName05.ts ===
// interface A {
//     /**
//      * A description of a
//      */
//     a: number;
// }
// interface B {
//     a: string;
// }
// 
// function f({ a }: A | B) {
//     a;
//      ^
// | ----------------------------------------------------------------------
// | ```tsx
// | var a: string | number
// | ```
// | 
// | ----------------------------------------------------------------------
// }
