// === QuickInfo ===
=== /quickInfoInheritDoc6.js ===
// class B extends UNRESOLVED_VALUE_DEFINITELY_DOES_NOT_EXIST {
//     /**
//      * @inheritdoc
//      */
//     static value() {
//            ^
// | ----------------------------------------------------------------------
// | ```tsx
// | (method) B.value(): any
// | ```
// | 
// | 
// | *@inheritdoc*
// | ----------------------------------------------------------------------
//         return undefined;
//     }
// }
