// === vsFindAllReferences ===
[
  {
    "_vs_id": 0,
    "_vs_kind": [
      17
    ],
    "_vs_location": {
      "uri": "file:///node_modules/a/index.d.ts",
      "range": {
        "start": {
          "line": 0,
          "character": 7
        },
        "end": {
          "line": 0,
          "character": 8
        }
      }
    },
    "_vs_definitionText": {
      "Runs": [
        {
          "ClassificationTypeName": "punctuation",
          "Text": "(",
          "MarkerTagType": null,
          "Style": 0,
          "_vs_type": "ClassifiedTextRun"
        },
        {
          "ClassificationTypeName": "text",
          "Text": "alias",
          "MarkerTagType": null,
          "Style": 0,
          "_vs_type": "ClassifiedTextRun"
        },
        {
          "ClassificationTypeName": "punctuation",
          "Text": ") ",
          "MarkerTagType": null,
          "Style": 0,
          "_vs_type": "ClassifiedTextRun"
        },
        {
          "ClassificationTypeName": "keyword",
          "Text": "class ",
          "MarkerTagType": null,
          "Style": 0,
          "_vs_type": "ClassifiedTextRun"
        },
        {
          "ClassificationTypeName": "class name",
          "Text": "X",
          "MarkerTagType": null,
          "Style": 0,
          "_vs_type": "ClassifiedTextRun"
        }
      ],
      "_vs_type": "ClassifiedTextElement"
    },
    "_vs_projectName": "/dev/null/inferred",
    "_vs_containingType": ""
  },
  {
    "_vs_id": 1,
    "_vs_definitionId": 0,
    "_vs_kind": [
      3
    ],
    "_vs_location": {
      "uri": "file:///node_modules/a/index.d.ts",
      "range": {
        "start": {
          "line": 1,
          "character": 21
        },
        "end": {
          "line": 1,
          "character": 22
        }
      }
    },
    "_vs_projectName": "/dev/null/inferred"
  },
  {
    "_vs_id": 2,
    "_vs_kind": [
      17
    ],
    "_vs_location": {
      "uri": "file:///node_modules/a/node_modules/x/index.d.ts",
      "range": {
        "start": {
          "line": 0,
          "character": 21
        },
        "end": {
          "line": 0,
          "character": 22
        }
      }
    },
    "_vs_definitionText": {
      "Runs": [
        {
          "ClassificationTypeName": "keyword",
          "Text": "class ",
          "MarkerTagType": null,
          "Style": 0,
          "_vs_type": "ClassifiedTextRun"
        },
        {
          "ClassificationTypeName": "class name",
          "Text": "X",
          "MarkerTagType": null,
          "Style": 0,
          "_vs_type": "ClassifiedTextRun"
        }
      ],
      "_vs_type": "ClassifiedTextElement"
    },
    "_vs_projectName": "/dev/null/inferred",
    "_vs_containingType": ""
  },
  {
    "_vs_id": 3,
    "_vs_kind": [
      17
    ],
    "_vs_location": {
      "uri": "file:///node_modules/b/index.d.ts",
      "range": {
        "start": {
          "line": 0,
          "character": 7
        },
        "end": {
          "line": 0,
          "character": 8
        }
      }
    },
    "_vs_definitionText": {
      "Runs": [
        {
          "ClassificationTypeName": "punctuation",
          "Text": "(",
          "MarkerTagType": null,
          "Style": 0,
          "_vs_type": "ClassifiedTextRun"
        },
        {
          "ClassificationTypeName": "text",
          "Text": "alias",
          "MarkerTagType": null,
          "Style": 0,
          "_vs_type": "ClassifiedTextRun"
        },
        {
          "ClassificationTypeName": "punctuation",
          "Text": ") ",
          "MarkerTagType": null,
          "Style": 0,
          "_vs_type": "ClassifiedTextRun"
        },
        {
          "ClassificationTypeName": "keyword",
          "Text": "class ",
          "MarkerTagType": null,
          "Style": 0,
          "_vs_type": "ClassifiedTextRun"
        },
        {
          "ClassificationTypeName": "class name",
          "Text": "X",
          "MarkerTagType": null,
          "Style": 0,
          "_vs_type": "ClassifiedTextRun"
        }
      ],
      "_vs_type": "ClassifiedTextElement"
    },
    "_vs_projectName": "/dev/null/inferred",
    "_vs_containingType": ""
  },
  {
    "_vs_id": 4,
    "_vs_definitionId": 3,
    "_vs_kind": [
      3
    ],
    "_vs_location": {
      "uri": "file:///node_modules/b/index.d.ts",
      "range": {
        "start": {
          "line": 1,
          "character": 16
        },
        "end": {
          "line": 1,
          "character": 17
        }
      }
    },
    "_vs_projectName": "/dev/null/inferred"
  }
]



// === vsFindAllReferences ===
[
  {
    "_vs_id": 0,
    "_vs_kind": [
      17
    ],
    "_vs_location": {
      "uri": "file:///node_modules/a/index.d.ts",
      "range": {
        "start": {
          "line": 0,
          "character": 7
        },
        "end": {
          "line": 0,
          "character": 8
        }
      }
    },
    "_vs_definitionText": {
      "Runs": [
        {
          "ClassificationTypeName": "punctuation",
          "Text": "(",
          "MarkerTagType": null,
          "Style": 0,
          "_vs_type": "ClassifiedTextRun"
        },
        {
          "ClassificationTypeName": "text",
          "Text": "alias",
          "MarkerTagType": null,
          "Style": 0,
          "_vs_type": "ClassifiedTextRun"
        },
        {
          "ClassificationTypeName": "punctuation",
          "Text": ") ",
          "MarkerTagType": null,
          "Style": 0,
          "_vs_type": "ClassifiedTextRun"
        },
        {
          "ClassificationTypeName": "keyword",
          "Text": "class ",
          "MarkerTagType": null,
          "Style": 0,
          "_vs_type": "ClassifiedTextRun"
        },
        {
          "ClassificationTypeName": "class name",
          "Text": "X",
          "MarkerTagType": null,
          "Style": 0,
          "_vs_type": "ClassifiedTextRun"
        }
      ],
      "_vs_type": "ClassifiedTextElement"
    },
    "_vs_projectName": "/dev/null/inferred",
    "_vs_containingType": ""
  },
  {
    "_vs_id": 1,
    "_vs_definitionId": 0,
    "_vs_kind": [
      3
    ],
    "_vs_location": {
      "uri": "file:///node_modules/a/index.d.ts",
      "range": {
        "start": {
          "line": 1,
          "character": 21
        },
        "end": {
          "line": 1,
          "character": 22
        }
      }
    },
    "_vs_projectName": "/dev/null/inferred"
  },
  {
    "_vs_id": 2,
    "_vs_kind": [
      17
    ],
    "_vs_location": {
      "uri": "file:///node_modules/a/node_modules/x/index.d.ts",
      "range": {
        "start": {
          "line": 0,
          "character": 21
        },
        "end": {
          "line": 0,
          "character": 22
        }
      }
    },
    "_vs_definitionText": {
      "Runs": [
        {
          "ClassificationTypeName": "keyword",
          "Text": "class ",
          "MarkerTagType": null,
          "Style": 0,
          "_vs_type": "ClassifiedTextRun"
        },
        {
          "ClassificationTypeName": "class name",
          "Text": "X",
          "MarkerTagType": null,
          "Style": 0,
          "_vs_type": "ClassifiedTextRun"
        }
      ],
      "_vs_type": "ClassifiedTextElement"
    },
    "_vs_projectName": "/dev/null/inferred",
    "_vs_containingType": ""
  },
  {
    "_vs_id": 3,
    "_vs_kind": [
      17
    ],
    "_vs_location": {
      "uri": "file:///node_modules/b/index.d.ts",
      "range": {
        "start": {
          "line": 0,
          "character": 7
        },
        "end": {
          "line": 0,
          "character": 8
        }
      }
    },
    "_vs_definitionText": {
      "Runs": [
        {
          "ClassificationTypeName": "punctuation",
          "Text": "(",
          "MarkerTagType": null,
          "Style": 0,
          "_vs_type": "ClassifiedTextRun"
        },
        {
          "ClassificationTypeName": "text",
          "Text": "alias",
          "MarkerTagType": null,
          "Style": 0,
          "_vs_type": "ClassifiedTextRun"
        },
        {
          "ClassificationTypeName": "punctuation",
          "Text": ") ",
          "MarkerTagType": null,
          "Style": 0,
          "_vs_type": "ClassifiedTextRun"
        },
        {
          "ClassificationTypeName": "keyword",
          "Text": "class ",
          "MarkerTagType": null,
          "Style": 0,
          "_vs_type": "ClassifiedTextRun"
        },
        {
          "ClassificationTypeName": "class name",
          "Text": "X",
          "MarkerTagType": null,
          "Style": 0,
          "_vs_type": "ClassifiedTextRun"
        }
      ],
      "_vs_type": "ClassifiedTextElement"
    },
    "_vs_projectName": "/dev/null/inferred",
    "_vs_containingType": ""
  },
  {
    "_vs_id": 4,
    "_vs_definitionId": 3,
    "_vs_kind": [
      3
    ],
    "_vs_location": {
      "uri": "file:///node_modules/b/index.d.ts",
      "range": {
        "start": {
          "line": 1,
          "character": 16
        },
        "end": {
          "line": 1,
          "character": 17
        }
      }
    },
    "_vs_projectName": "/dev/null/inferred"
  }
]



// === vsFindAllReferences ===
[
  {
    "_vs_id": 0,
    "_vs_kind": [
      17
    ],
    "_vs_location": {
      "uri": "file:///node_modules/a/index.d.ts",
      "range": {
        "start": {
          "line": 0,
          "character": 7
        },
        "end": {
          "line": 0,
          "character": 8
        }
      }
    },
    "_vs_definitionText": {
      "Runs": [
        {
          "ClassificationTypeName": "punctuation",
          "Text": "(",
          "MarkerTagType": null,
          "Style": 0,
          "_vs_type": "ClassifiedTextRun"
        },
        {
          "ClassificationTypeName": "text",
          "Text": "alias",
          "MarkerTagType": null,
          "Style": 0,
          "_vs_type": "ClassifiedTextRun"
        },
        {
          "ClassificationTypeName": "punctuation",
          "Text": ") ",
          "MarkerTagType": null,
          "Style": 0,
          "_vs_type": "ClassifiedTextRun"
        },
        {
          "ClassificationTypeName": "keyword",
          "Text": "class ",
          "MarkerTagType": null,
          "Style": 0,
          "_vs_type": "ClassifiedTextRun"
        },
        {
          "ClassificationTypeName": "class name",
          "Text": "X",
          "MarkerTagType": null,
          "Style": 0,
          "_vs_type": "ClassifiedTextRun"
        }
      ],
      "_vs_type": "ClassifiedTextElement"
    },
    "_vs_projectName": "/dev/null/inferred",
    "_vs_containingType": ""
  },
  {
    "_vs_id": 1,
    "_vs_definitionId": 0,
    "_vs_kind": [
      3
    ],
    "_vs_location": {
      "uri": "file:///node_modules/a/index.d.ts",
      "range": {
        "start": {
          "line": 1,
          "character": 21
        },
        "end": {
          "line": 1,
          "character": 22
        }
      }
    },
    "_vs_projectName": "/dev/null/inferred"
  },
  {
    "_vs_id": 2,
    "_vs_kind": [
      17
    ],
    "_vs_location": {
      "uri": "file:///node_modules/a/node_modules/x/index.d.ts",
      "range": {
        "start": {
          "line": 0,
          "character": 21
        },
        "end": {
          "line": 0,
          "character": 22
        }
      }
    },
    "_vs_definitionText": {
      "Runs": [
        {
          "ClassificationTypeName": "keyword",
          "Text": "class ",
          "MarkerTagType": null,
          "Style": 0,
          "_vs_type": "ClassifiedTextRun"
        },
        {
          "ClassificationTypeName": "class name",
          "Text": "X",
          "MarkerTagType": null,
          "Style": 0,
          "_vs_type": "ClassifiedTextRun"
        }
      ],
      "_vs_type": "ClassifiedTextElement"
    },
    "_vs_projectName": "/dev/null/inferred",
    "_vs_containingType": ""
  },
  {
    "_vs_id": 3,
    "_vs_kind": [
      17
    ],
    "_vs_location": {
      "uri": "file:///node_modules/b/index.d.ts",
      "range": {
        "start": {
          "line": 0,
          "character": 7
        },
        "end": {
          "line": 0,
          "character": 8
        }
      }
    },
    "_vs_definitionText": {
      "Runs": [
        {
          "ClassificationTypeName": "punctuation",
          "Text": "(",
          "MarkerTagType": null,
          "Style": 0,
          "_vs_type": "ClassifiedTextRun"
        },
        {
          "ClassificationTypeName": "text",
          "Text": "alias",
          "MarkerTagType": null,
          "Style": 0,
          "_vs_type": "ClassifiedTextRun"
        },
        {
          "ClassificationTypeName": "punctuation",
          "Text": ") ",
          "MarkerTagType": null,
          "Style": 0,
          "_vs_type": "ClassifiedTextRun"
        },
        {
          "ClassificationTypeName": "keyword",
          "Text": "class ",
          "MarkerTagType": null,
          "Style": 0,
          "_vs_type": "ClassifiedTextRun"
        },
        {
          "ClassificationTypeName": "class name",
          "Text": "X",
          "MarkerTagType": null,
          "Style": 0,
          "_vs_type": "ClassifiedTextRun"
        }
      ],
      "_vs_type": "ClassifiedTextElement"
    },
    "_vs_projectName": "/dev/null/inferred",
    "_vs_containingType": ""
  },
  {
    "_vs_id": 4,
    "_vs_definitionId": 3,
    "_vs_kind": [
      3
    ],
    "_vs_location": {
      "uri": "file:///node_modules/b/index.d.ts",
      "range": {
        "start": {
          "line": 1,
          "character": 16
        },
        "end": {
          "line": 1,
          "character": 17
        }
      }
    },
    "_vs_projectName": "/dev/null/inferred"
  }
]