// === vsFindAllReferences ===
[
  {
    "_vs_id": 0,
    "_vs_kind": [
      17
    ],
    "_vs_location": {
      "uri": "file:///RedditSubmission.ts",
      "range": {
        "start": {
          "line": 0,
          "character": 13
        },
        "end": {
          "line": 0,
          "character": 27
        }
      }
    },
    "_vs_definitionText": {
      "Runs": [
        {
          "ClassificationTypeName": "keyword",
          "Text": "const ",
          "MarkerTagType": null,
          "Style": 0,
          "_vs_type": "ClassifiedTextRun"
        },
        {
          "ClassificationTypeName": "local name",
          "Text": "SubmissionComp",
          "MarkerTagType": null,
          "Style": 0,
          "_vs_type": "ClassifiedTextRun"
        },
        {
          "ClassificationTypeName": "punctuation",
          "Text": ": ",
          "MarkerTagType": null,
          "Style": 0,
          "_vs_type": "ClassifiedTextRun"
        },
        {
          "ClassificationTypeName": "punctuation",
          "Text": "(",
          "MarkerTagType": null,
          "Style": 0,
          "_vs_type": "ClassifiedTextRun"
        },
        {
          "ClassificationTypeName": "parameter name",
          "Text": "submission",
          "MarkerTagType": null,
          "Style": 0,
          "_vs_type": "ClassifiedTextRun"
        },
        {
          "ClassificationTypeName": "punctuation",
          "Text": ":",
          "MarkerTagType": null,
          "Style": 0,
          "_vs_type": "ClassifiedTextRun"
        },
        {
          "ClassificationTypeName": "whitespace",
          "Text": " ",
          "MarkerTagType": null,
          "Style": 0,
          "_vs_type": "ClassifiedTextRun"
        },
        {
          "ClassificationTypeName": "text",
          "Text": "SubmissionProps",
          "MarkerTagType": null,
          "Style": 0,
          "_vs_type": "ClassifiedTextRun"
        },
        {
          "ClassificationTypeName": "punctuation",
          "Text": ")",
          "MarkerTagType": null,
          "Style": 0,
          "_vs_type": "ClassifiedTextRun"
        },
        {
          "ClassificationTypeName": "whitespace",
          "Text": " ",
          "MarkerTagType": null,
          "Style": 0,
          "_vs_type": "ClassifiedTextRun"
        },
        {
          "ClassificationTypeName": "punctuation",
          "Text": "=>",
          "MarkerTagType": null,
          "Style": 0,
          "_vs_type": "ClassifiedTextRun"
        },
        {
          "ClassificationTypeName": "whitespace",
          "Text": " ",
          "MarkerTagType": null,
          "Style": 0,
          "_vs_type": "ClassifiedTextRun"
        },
        {
          "ClassificationTypeName": "text",
          "Text": "div",
          "MarkerTagType": null,
          "Style": 0,
          "_vs_type": "ClassifiedTextRun"
        }
      ],
      "_vs_type": "ClassifiedTextElement"
    },
    "_vs_projectName": "/dev/null/inferred",
    "_vs_containingType": ""
  },
  {
    "_vs_id": 1,
    "_vs_kind": [
      17
    ],
    "_vs_location": {
      "uri": "file:///index.tsx",
      "range": {
        "start": {
          "line": 0,
          "character": 9
        },
        "end": {
          "line": 0,
          "character": 23
        }
      }
    },
    "_vs_definitionText": {
      "Runs": [
        {
          "ClassificationTypeName": "punctuation",
          "Text": "(",
          "MarkerTagType": null,
          "Style": 0,
          "_vs_type": "ClassifiedTextRun"
        },
        {
          "ClassificationTypeName": "text",
          "Text": "alias",
          "MarkerTagType": null,
          "Style": 0,
          "_vs_type": "ClassifiedTextRun"
        },
        {
          "ClassificationTypeName": "punctuation",
          "Text": ") ",
          "MarkerTagType": null,
          "Style": 0,
          "_vs_type": "ClassifiedTextRun"
        },
        {
          "ClassificationTypeName": "keyword",
          "Text": "const ",
          "MarkerTagType": null,
          "Style": 0,
          "_vs_type": "ClassifiedTextRun"
        },
        {
          "ClassificationTypeName": "local name",
          "Text": "SubmissionComp",
          "MarkerTagType": null,
          "Style": 0,
          "_vs_type": "ClassifiedTextRun"
        },
        {
          "ClassificationTypeName": "punctuation",
          "Text": ": ",
          "MarkerTagType": null,
          "Style": 0,
          "_vs_type": "ClassifiedTextRun"
        },
        {
          "ClassificationTypeName": "punctuation",
          "Text": "(",
          "MarkerTagType": null,
          "Style": 0,
          "_vs_type": "ClassifiedTextRun"
        },
        {
          "ClassificationTypeName": "parameter name",
          "Text": "submission",
          "MarkerTagType": null,
          "Style": 0,
          "_vs_type": "ClassifiedTextRun"
        },
        {
          "ClassificationTypeName": "punctuation",
          "Text": ":",
          "MarkerTagType": null,
          "Style": 0,
          "_vs_type": "ClassifiedTextRun"
        },
        {
          "ClassificationTypeName": "whitespace",
          "Text": " ",
          "MarkerTagType": null,
          "Style": 0,
          "_vs_type": "ClassifiedTextRun"
        },
        {
          "ClassificationTypeName": "text",
          "Text": "SubmissionProps",
          "MarkerTagType": null,
          "Style": 0,
          "_vs_type": "ClassifiedTextRun"
        },
        {
          "ClassificationTypeName": "punctuation",
          "Text": ")",
          "MarkerTagType": null,
          "Style": 0,
          "_vs_type": "ClassifiedTextRun"
        },
        {
          "ClassificationTypeName": "whitespace",
          "Text": " ",
          "MarkerTagType": null,
          "Style": 0,
          "_vs_type": "ClassifiedTextRun"
        },
        {
          "ClassificationTypeName": "punctuation",
          "Text": "=>",
          "MarkerTagType": null,
          "Style": 0,
          "_vs_type": "ClassifiedTextRun"
        },
        {
          "ClassificationTypeName": "whitespace",
          "Text": " ",
          "MarkerTagType": null,
          "Style": 0,
          "_vs_type": "ClassifiedTextRun"
        },
        {
          "ClassificationTypeName": "text",
          "Text": "div",
          "MarkerTagType": null,
          "Style": 0,
          "_vs_type": "ClassifiedTextRun"
        }
      ],
      "_vs_type": "ClassifiedTextElement"
    },
    "_vs_projectName": "/dev/null/inferred",
    "_vs_containingType": ""
  },
  {
    "_vs_id": 2,
    "_vs_definitionId": 1,
    "_vs_kind": [
      3
    ],
    "_vs_location": {
      "uri": "file:///index.tsx",
      "range": {
        "start": {
          "line": 3,
          "character": 32
        },
        "end": {
          "line": 3,
          "character": 46
        }
      }
    },
    "_vs_projectName": "/dev/null/inferred"
  }
]



// === vsFindAllReferences ===
[
  {
    "_vs_id": 0,
    "_vs_kind": [
      17
    ],
    "_vs_location": {
      "uri": "file:///RedditSubmission.ts",
      "range": {
        "start": {
          "line": 0,
          "character": 13
        },
        "end": {
          "line": 0,
          "character": 27
        }
      }
    },
    "_vs_definitionText": {
      "Runs": [
        {
          "ClassificationTypeName": "keyword",
          "Text": "const ",
          "MarkerTagType": null,
          "Style": 0,
          "_vs_type": "ClassifiedTextRun"
        },
        {
          "ClassificationTypeName": "local name",
          "Text": "SubmissionComp",
          "MarkerTagType": null,
          "Style": 0,
          "_vs_type": "ClassifiedTextRun"
        },
        {
          "ClassificationTypeName": "punctuation",
          "Text": ": ",
          "MarkerTagType": null,
          "Style": 0,
          "_vs_type": "ClassifiedTextRun"
        },
        {
          "ClassificationTypeName": "punctuation",
          "Text": "(",
          "MarkerTagType": null,
          "Style": 0,
          "_vs_type": "ClassifiedTextRun"
        },
        {
          "ClassificationTypeName": "parameter name",
          "Text": "submission",
          "MarkerTagType": null,
          "Style": 0,
          "_vs_type": "ClassifiedTextRun"
        },
        {
          "ClassificationTypeName": "punctuation",
          "Text": ":",
          "MarkerTagType": null,
          "Style": 0,
          "_vs_type": "ClassifiedTextRun"
        },
        {
          "ClassificationTypeName": "whitespace",
          "Text": " ",
          "MarkerTagType": null,
          "Style": 0,
          "_vs_type": "ClassifiedTextRun"
        },
        {
          "ClassificationTypeName": "text",
          "Text": "SubmissionProps",
          "MarkerTagType": null,
          "Style": 0,
          "_vs_type": "ClassifiedTextRun"
        },
        {
          "ClassificationTypeName": "punctuation",
          "Text": ")",
          "MarkerTagType": null,
          "Style": 0,
          "_vs_type": "ClassifiedTextRun"
        },
        {
          "ClassificationTypeName": "whitespace",
          "Text": " ",
          "MarkerTagType": null,
          "Style": 0,
          "_vs_type": "ClassifiedTextRun"
        },
        {
          "ClassificationTypeName": "punctuation",
          "Text": "=>",
          "MarkerTagType": null,
          "Style": 0,
          "_vs_type": "ClassifiedTextRun"
        },
        {
          "ClassificationTypeName": "whitespace",
          "Text": " ",
          "MarkerTagType": null,
          "Style": 0,
          "_vs_type": "ClassifiedTextRun"
        },
        {
          "ClassificationTypeName": "text",
          "Text": "div",
          "MarkerTagType": null,
          "Style": 0,
          "_vs_type": "ClassifiedTextRun"
        }
      ],
      "_vs_type": "ClassifiedTextElement"
    },
    "_vs_projectName": "/dev/null/inferred",
    "_vs_containingType": ""
  },
  {
    "_vs_id": 1,
    "_vs_kind": [
      17
    ],
    "_vs_location": {
      "uri": "file:///index.tsx",
      "range": {
        "start": {
          "line": 0,
          "character": 9
        },
        "end": {
          "line": 0,
          "character": 23
        }
      }
    },
    "_vs_definitionText": {
      "Runs": [
        {
          "ClassificationTypeName": "punctuation",
          "Text": "(",
          "MarkerTagType": null,
          "Style": 0,
          "_vs_type": "ClassifiedTextRun"
        },
        {
          "ClassificationTypeName": "text",
          "Text": "alias",
          "MarkerTagType": null,
          "Style": 0,
          "_vs_type": "ClassifiedTextRun"
        },
        {
          "ClassificationTypeName": "punctuation",
          "Text": ") ",
          "MarkerTagType": null,
          "Style": 0,
          "_vs_type": "ClassifiedTextRun"
        },
        {
          "ClassificationTypeName": "keyword",
          "Text": "const ",
          "MarkerTagType": null,
          "Style": 0,
          "_vs_type": "ClassifiedTextRun"
        },
        {
          "ClassificationTypeName": "local name",
          "Text": "SubmissionComp",
          "MarkerTagType": null,
          "Style": 0,
          "_vs_type": "ClassifiedTextRun"
        },
        {
          "ClassificationTypeName": "punctuation",
          "Text": ": ",
          "MarkerTagType": null,
          "Style": 0,
          "_vs_type": "ClassifiedTextRun"
        },
        {
          "ClassificationTypeName": "punctuation",
          "Text": "(",
          "MarkerTagType": null,
          "Style": 0,
          "_vs_type": "ClassifiedTextRun"
        },
        {
          "ClassificationTypeName": "parameter name",
          "Text": "submission",
          "MarkerTagType": null,
          "Style": 0,
          "_vs_type": "ClassifiedTextRun"
        },
        {
          "ClassificationTypeName": "punctuation",
          "Text": ":",
          "MarkerTagType": null,
          "Style": 0,
          "_vs_type": "ClassifiedTextRun"
        },
        {
          "ClassificationTypeName": "whitespace",
          "Text": " ",
          "MarkerTagType": null,
          "Style": 0,
          "_vs_type": "ClassifiedTextRun"
        },
        {
          "ClassificationTypeName": "text",
          "Text": "SubmissionProps",
          "MarkerTagType": null,
          "Style": 0,
          "_vs_type": "ClassifiedTextRun"
        },
        {
          "ClassificationTypeName": "punctuation",
          "Text": ")",
          "MarkerTagType": null,
          "Style": 0,
          "_vs_type": "ClassifiedTextRun"
        },
        {
          "ClassificationTypeName": "whitespace",
          "Text": " ",
          "MarkerTagType": null,
          "Style": 0,
          "_vs_type": "ClassifiedTextRun"
        },
        {
          "ClassificationTypeName": "punctuation",
          "Text": "=>",
          "MarkerTagType": null,
          "Style": 0,
          "_vs_type": "ClassifiedTextRun"
        },
        {
          "ClassificationTypeName": "whitespace",
          "Text": " ",
          "MarkerTagType": null,
          "Style": 0,
          "_vs_type": "ClassifiedTextRun"
        },
        {
          "ClassificationTypeName": "text",
          "Text": "div",
          "MarkerTagType": null,
          "Style": 0,
          "_vs_type": "ClassifiedTextRun"
        }
      ],
      "_vs_type": "ClassifiedTextElement"
    },
    "_vs_projectName": "/dev/null/inferred",
    "_vs_containingType": ""
  },
  {
    "_vs_id": 2,
    "_vs_definitionId": 1,
    "_vs_kind": [
      3
    ],
    "_vs_location": {
      "uri": "file:///index.tsx",
      "range": {
        "start": {
          "line": 3,
          "character": 32
        },
        "end": {
          "line": 3,
          "character": 46
        }
      }
    },
    "_vs_projectName": "/dev/null/inferred"
  }
]