// === vsFindAllReferences ===
[
  {
    "_vs_id": 0,
    "_vs_kind": [
      17
    ],
    "_vs_location": {
      "uri": "file:///findAllRefsInClassExpressionVS.ts",
      "range": {
        "start": {
          "line": 0,
          "character": 14
        },
        "end": {
          "line": 0,
          "character": 18
        }
      }
    },
    "_vs_definitionText": {
      "Runs": [
        {
          "ClassificationTypeName": "punctuation",
          "Text": "(",
          "MarkerTagType": null,
          "Style": 0,
          "_vs_type": "ClassifiedTextRun"
        },
        {
          "ClassificationTypeName": "text",
          "Text": "method",
          "MarkerTagType": null,
          "Style": 0,
          "_vs_type": "ClassifiedTextRun"
        },
        {
          "ClassificationTypeName": "punctuation",
          "Text": ") ",
          "MarkerTagType": null,
          "Style": 0,
          "_vs_type": "ClassifiedTextRun"
        },
        {
          "ClassificationTypeName": "method name",
          "Text": "I.boom",
          "MarkerTagType": null,
          "Style": 0,
          "_vs_type": "ClassifiedTextRun"
        },
        {
          "ClassificationTypeName": "punctuation",
          "Text": "(",
          "MarkerTagType": null,
          "Style": 0,
          "_vs_type": "ClassifiedTextRun"
        },
        {
          "ClassificationTypeName": "punctuation",
          "Text": ")",
          "MarkerTagType": null,
          "Style": 0,
          "_vs_type": "ClassifiedTextRun"
        },
        {
          "ClassificationTypeName": "punctuation",
          "Text": ":",
          "MarkerTagType": null,
          "Style": 0,
          "_vs_type": "ClassifiedTextRun"
        },
        {
          "ClassificationTypeName": "whitespace",
          "Text": " ",
          "MarkerTagType": null,
          "Style": 0,
          "_vs_type": "ClassifiedTextRun"
        },
        {
          "ClassificationTypeName": "keyword",
          "Text": "void",
          "MarkerTagType": null,
          "Style": 0,
          "_vs_type": "ClassifiedTextRun"
        },
        {
          "ClassificationTypeName": "punctuation",
          "Text": ";",
          "MarkerTagType": null,
          "Style": 0,
          "_vs_type": "ClassifiedTextRun"
        }
      ],
      "_vs_type": "ClassifiedTextElement"
    },
    "_vs_projectName": "/dev/null/inferred",
    "_vs_containingType": ""
  },
  {
    "_vs_id": 1,
    "_vs_kind": [
      17
    ],
    "_vs_location": {
      "uri": "file:///findAllRefsInClassExpressionVS.ts",
      "range": {
        "start": {
          "line": 2,
          "character": 3
        },
        "end": {
          "line": 2,
          "character": 7
        }
      }
    },
    "_vs_definitionText": {
      "Runs": [
        {
          "ClassificationTypeName": "punctuation",
          "Text": "(",
          "MarkerTagType": null,
          "Style": 0,
          "_vs_type": "ClassifiedTextRun"
        },
        {
          "ClassificationTypeName": "text",
          "Text": "method",
          "MarkerTagType": null,
          "Style": 0,
          "_vs_type": "ClassifiedTextRun"
        },
        {
          "ClassificationTypeName": "punctuation",
          "Text": ") ",
          "MarkerTagType": null,
          "Style": 0,
          "_vs_type": "ClassifiedTextRun"
        },
        {
          "ClassificationTypeName": "method name",
          "Text": "C.boom",
          "MarkerTagType": null,
          "Style": 0,
          "_vs_type": "ClassifiedTextRun"
        },
        {
          "ClassificationTypeName": "punctuation",
          "Text": "(",
          "MarkerTagType": null,
          "Style": 0,
          "_vs_type": "ClassifiedTextRun"
        },
        {
          "ClassificationTypeName": "punctuation",
          "Text": ")",
          "MarkerTagType": null,
          "Style": 0,
          "_vs_type": "ClassifiedTextRun"
        },
        {
          "ClassificationTypeName": "punctuation",
          "Text": ":",
          "MarkerTagType": null,
          "Style": 0,
          "_vs_type": "ClassifiedTextRun"
        },
        {
          "ClassificationTypeName": "whitespace",
          "Text": " ",
          "MarkerTagType": null,
          "Style": 0,
          "_vs_type": "ClassifiedTextRun"
        },
        {
          "ClassificationTypeName": "keyword",
          "Text": "void",
          "MarkerTagType": null,
          "Style": 0,
          "_vs_type": "ClassifiedTextRun"
        },
        {
          "ClassificationTypeName": "punctuation",
          "Text": ";",
          "MarkerTagType": null,
          "Style": 0,
          "_vs_type": "ClassifiedTextRun"
        }
      ],
      "_vs_type": "ClassifiedTextElement"
    },
    "_vs_projectName": "/dev/null/inferred",
    "_vs_containingType": ""
  }
]



// === vsFindAllReferences ===
[
  {
    "_vs_id": 0,
    "_vs_kind": [
      17
    ],
    "_vs_location": {
      "uri": "file:///findAllRefsInClassExpressionVS.ts",
      "range": {
        "start": {
          "line": 0,
          "character": 14
        },
        "end": {
          "line": 0,
          "character": 18
        }
      }
    },
    "_vs_definitionText": {
      "Runs": [
        {
          "ClassificationTypeName": "punctuation",
          "Text": "(",
          "MarkerTagType": null,
          "Style": 0,
          "_vs_type": "ClassifiedTextRun"
        },
        {
          "ClassificationTypeName": "text",
          "Text": "method",
          "MarkerTagType": null,
          "Style": 0,
          "_vs_type": "ClassifiedTextRun"
        },
        {
          "ClassificationTypeName": "punctuation",
          "Text": ") ",
          "MarkerTagType": null,
          "Style": 0,
          "_vs_type": "ClassifiedTextRun"
        },
        {
          "ClassificationTypeName": "method name",
          "Text": "I.boom",
          "MarkerTagType": null,
          "Style": 0,
          "_vs_type": "ClassifiedTextRun"
        },
        {
          "ClassificationTypeName": "punctuation",
          "Text": "(",
          "MarkerTagType": null,
          "Style": 0,
          "_vs_type": "ClassifiedTextRun"
        },
        {
          "ClassificationTypeName": "punctuation",
          "Text": ")",
          "MarkerTagType": null,
          "Style": 0,
          "_vs_type": "ClassifiedTextRun"
        },
        {
          "ClassificationTypeName": "punctuation",
          "Text": ":",
          "MarkerTagType": null,
          "Style": 0,
          "_vs_type": "ClassifiedTextRun"
        },
        {
          "ClassificationTypeName": "whitespace",
          "Text": " ",
          "MarkerTagType": null,
          "Style": 0,
          "_vs_type": "ClassifiedTextRun"
        },
        {
          "ClassificationTypeName": "keyword",
          "Text": "void",
          "MarkerTagType": null,
          "Style": 0,
          "_vs_type": "ClassifiedTextRun"
        },
        {
          "ClassificationTypeName": "punctuation",
          "Text": ";",
          "MarkerTagType": null,
          "Style": 0,
          "_vs_type": "ClassifiedTextRun"
        }
      ],
      "_vs_type": "ClassifiedTextElement"
    },
    "_vs_projectName": "/dev/null/inferred",
    "_vs_containingType": ""
  },
  {
    "_vs_id": 1,
    "_vs_kind": [
      17
    ],
    "_vs_location": {
      "uri": "file:///findAllRefsInClassExpressionVS.ts",
      "range": {
        "start": {
          "line": 2,
          "character": 3
        },
        "end": {
          "line": 2,
          "character": 7
        }
      }
    },
    "_vs_definitionText": {
      "Runs": [
        {
          "ClassificationTypeName": "punctuation",
          "Text": "(",
          "MarkerTagType": null,
          "Style": 0,
          "_vs_type": "ClassifiedTextRun"
        },
        {
          "ClassificationTypeName": "text",
          "Text": "method",
          "MarkerTagType": null,
          "Style": 0,
          "_vs_type": "ClassifiedTextRun"
        },
        {
          "ClassificationTypeName": "punctuation",
          "Text": ") ",
          "MarkerTagType": null,
          "Style": 0,
          "_vs_type": "ClassifiedTextRun"
        },
        {
          "ClassificationTypeName": "method name",
          "Text": "C.boom",
          "MarkerTagType": null,
          "Style": 0,
          "_vs_type": "ClassifiedTextRun"
        },
        {
          "ClassificationTypeName": "punctuation",
          "Text": "(",
          "MarkerTagType": null,
          "Style": 0,
          "_vs_type": "ClassifiedTextRun"
        },
        {
          "ClassificationTypeName": "punctuation",
          "Text": ")",
          "MarkerTagType": null,
          "Style": 0,
          "_vs_type": "ClassifiedTextRun"
        },
        {
          "ClassificationTypeName": "punctuation",
          "Text": ":",
          "MarkerTagType": null,
          "Style": 0,
          "_vs_type": "ClassifiedTextRun"
        },
        {
          "ClassificationTypeName": "whitespace",
          "Text": " ",
          "MarkerTagType": null,
          "Style": 0,
          "_vs_type": "ClassifiedTextRun"
        },
        {
          "ClassificationTypeName": "keyword",
          "Text": "void",
          "MarkerTagType": null,
          "Style": 0,
          "_vs_type": "ClassifiedTextRun"
        },
        {
          "ClassificationTypeName": "punctuation",
          "Text": ";",
          "MarkerTagType": null,
          "Style": 0,
          "_vs_type": "ClassifiedTextRun"
        }
      ],
      "_vs_type": "ClassifiedTextElement"
    },
    "_vs_projectName": "/dev/null/inferred",
    "_vs_containingType": ""
  }
]