// === vsFindAllReferences ===
[
  {
    "_vs_id": 0,
    "_vs_kind": [
      17
    ],
    "_vs_location": {
      "uri": "file:///a.tsx",
      "range": {
        "start": {
          "line": 3,
          "character": 8
        },
        "end": {
          "line": 3,
          "character": 11
        }
      }
    },
    "_vs_definitionText": {
      "Runs": [
        {
          "ClassificationTypeName": "punctuation",
          "Text": "(",
          "MarkerTagType": null,
          "Style": 0,
          "_vs_type": "ClassifiedTextRun"
        },
        {
          "ClassificationTypeName": "text",
          "Text": "property",
          "MarkerTagType": null,
          "Style": 0,
          "_vs_type": "ClassifiedTextRun"
        },
        {
          "ClassificationTypeName": "punctuation",
          "Text": ") ",
          "MarkerTagType": null,
          "Style": 0,
          "_vs_type": "ClassifiedTextRun"
        },
        {
          "ClassificationTypeName": "property name",
          "Text": "IntrinsicElements.div",
          "MarkerTagType": null,
          "Style": 0,
          "_vs_type": "ClassifiedTextRun"
        },
        {
          "ClassificationTypeName": "punctuation",
          "Text": ": ",
          "MarkerTagType": null,
          "Style": 0,
          "_vs_type": "ClassifiedTextRun"
        },
        {
          "ClassificationTypeName": "keyword",
          "Text": "any",
          "MarkerTagType": null,
          "Style": 0,
          "_vs_type": "ClassifiedTextRun"
        }
      ],
      "_vs_type": "ClassifiedTextElement"
    },
    "_vs_projectName": "/dev/null/inferred",
    "_vs_containingType": ""
  },
  {
    "_vs_id": 1,
    "_vs_definitionId": 0,
    "_vs_kind": [
      3
    ],
    "_vs_location": {
      "uri": "file:///a.tsx",
      "range": {
        "start": {
          "line": 8,
          "character": 5
        },
        "end": {
          "line": 8,
          "character": 8
        }
      }
    },
    "_vs_projectName": "/dev/null/inferred"
  },
  {
    "_vs_id": 2,
    "_vs_definitionId": 0,
    "_vs_kind": [
      3
    ],
    "_vs_location": {
      "uri": "file:///a.tsx",
      "range": {
        "start": {
          "line": 10,
          "character": 9
        },
        "end": {
          "line": 10,
          "character": 12
        }
      }
    },
    "_vs_projectName": "/dev/null/inferred"
  },
  {
    "_vs_id": 3,
    "_vs_definitionId": 0,
    "_vs_kind": [
      3
    ],
    "_vs_location": {
      "uri": "file:///a.tsx",
      "range": {
        "start": {
          "line": 10,
          "character": 27
        },
        "end": {
          "line": 10,
          "character": 30
        }
      }
    },
    "_vs_projectName": "/dev/null/inferred"
  },
  {
    "_vs_id": 4,
    "_vs_definitionId": 0,
    "_vs_kind": [
      3
    ],
    "_vs_location": {
      "uri": "file:///a.tsx",
      "range": {
        "start": {
          "line": 11,
          "character": 6
        },
        "end": {
          "line": 11,
          "character": 9
        }
      }
    },
    "_vs_projectName": "/dev/null/inferred"
  }
]



// === vsFindAllReferences ===
[
  {
    "_vs_id": 0,
    "_vs_kind": [
      17
    ],
    "_vs_location": {
      "uri": "file:///a.tsx",
      "range": {
        "start": {
          "line": 3,
          "character": 8
        },
        "end": {
          "line": 3,
          "character": 11
        }
      }
    },
    "_vs_definitionText": {
      "Runs": [
        {
          "ClassificationTypeName": "punctuation",
          "Text": "(",
          "MarkerTagType": null,
          "Style": 0,
          "_vs_type": "ClassifiedTextRun"
        },
        {
          "ClassificationTypeName": "text",
          "Text": "property",
          "MarkerTagType": null,
          "Style": 0,
          "_vs_type": "ClassifiedTextRun"
        },
        {
          "ClassificationTypeName": "punctuation",
          "Text": ") ",
          "MarkerTagType": null,
          "Style": 0,
          "_vs_type": "ClassifiedTextRun"
        },
        {
          "ClassificationTypeName": "property name",
          "Text": "JSX.IntrinsicElements.div",
          "MarkerTagType": null,
          "Style": 0,
          "_vs_type": "ClassifiedTextRun"
        },
        {
          "ClassificationTypeName": "punctuation",
          "Text": ": ",
          "MarkerTagType": null,
          "Style": 0,
          "_vs_type": "ClassifiedTextRun"
        },
        {
          "ClassificationTypeName": "keyword",
          "Text": "any",
          "MarkerTagType": null,
          "Style": 0,
          "_vs_type": "ClassifiedTextRun"
        }
      ],
      "_vs_type": "ClassifiedTextElement"
    },
    "_vs_projectName": "/dev/null/inferred",
    "_vs_containingType": ""
  },
  {
    "_vs_id": 1,
    "_vs_definitionId": 0,
    "_vs_kind": [
      3
    ],
    "_vs_location": {
      "uri": "file:///a.tsx",
      "range": {
        "start": {
          "line": 8,
          "character": 5
        },
        "end": {
          "line": 8,
          "character": 8
        }
      }
    },
    "_vs_projectName": "/dev/null/inferred"
  },
  {
    "_vs_id": 2,
    "_vs_definitionId": 0,
    "_vs_kind": [
      3
    ],
    "_vs_location": {
      "uri": "file:///a.tsx",
      "range": {
        "start": {
          "line": 10,
          "character": 9
        },
        "end": {
          "line": 10,
          "character": 12
        }
      }
    },
    "_vs_projectName": "/dev/null/inferred"
  },
  {
    "_vs_id": 3,
    "_vs_definitionId": 0,
    "_vs_kind": [
      3
    ],
    "_vs_location": {
      "uri": "file:///a.tsx",
      "range": {
        "start": {
          "line": 10,
          "character": 27
        },
        "end": {
          "line": 10,
          "character": 30
        }
      }
    },
    "_vs_projectName": "/dev/null/inferred"
  },
  {
    "_vs_id": 4,
    "_vs_definitionId": 0,
    "_vs_kind": [
      3
    ],
    "_vs_location": {
      "uri": "file:///a.tsx",
      "range": {
        "start": {
          "line": 11,
          "character": 6
        },
        "end": {
          "line": 11,
          "character": 9
        }
      }
    },
    "_vs_projectName": "/dev/null/inferred"
  }
]



// === vsFindAllReferences ===
[
  {
    "_vs_id": 0,
    "_vs_kind": [
      17
    ],
    "_vs_location": {
      "uri": "file:///a.tsx",
      "range": {
        "start": {
          "line": 3,
          "character": 8
        },
        "end": {
          "line": 3,
          "character": 11
        }
      }
    },
    "_vs_definitionText": {
      "Runs": [
        {
          "ClassificationTypeName": "punctuation",
          "Text": "(",
          "MarkerTagType": null,
          "Style": 0,
          "_vs_type": "ClassifiedTextRun"
        },
        {
          "ClassificationTypeName": "text",
          "Text": "property",
          "MarkerTagType": null,
          "Style": 0,
          "_vs_type": "ClassifiedTextRun"
        },
        {
          "ClassificationTypeName": "punctuation",
          "Text": ") ",
          "MarkerTagType": null,
          "Style": 0,
          "_vs_type": "ClassifiedTextRun"
        },
        {
          "ClassificationTypeName": "property name",
          "Text": "JSX.IntrinsicElements.div",
          "MarkerTagType": null,
          "Style": 0,
          "_vs_type": "ClassifiedTextRun"
        },
        {
          "ClassificationTypeName": "punctuation",
          "Text": ": ",
          "MarkerTagType": null,
          "Style": 0,
          "_vs_type": "ClassifiedTextRun"
        },
        {
          "ClassificationTypeName": "keyword",
          "Text": "any",
          "MarkerTagType": null,
          "Style": 0,
          "_vs_type": "ClassifiedTextRun"
        }
      ],
      "_vs_type": "ClassifiedTextElement"
    },
    "_vs_projectName": "/dev/null/inferred",
    "_vs_containingType": ""
  },
  {
    "_vs_id": 1,
    "_vs_definitionId": 0,
    "_vs_kind": [
      3
    ],
    "_vs_location": {
      "uri": "file:///a.tsx",
      "range": {
        "start": {
          "line": 8,
          "character": 5
        },
        "end": {
          "line": 8,
          "character": 8
        }
      }
    },
    "_vs_projectName": "/dev/null/inferred"
  },
  {
    "_vs_id": 2,
    "_vs_definitionId": 0,
    "_vs_kind": [
      3
    ],
    "_vs_location": {
      "uri": "file:///a.tsx",
      "range": {
        "start": {
          "line": 10,
          "character": 9
        },
        "end": {
          "line": 10,
          "character": 12
        }
      }
    },
    "_vs_projectName": "/dev/null/inferred"
  },
  {
    "_vs_id": 3,
    "_vs_definitionId": 0,
    "_vs_kind": [
      3
    ],
    "_vs_location": {
      "uri": "file:///a.tsx",
      "range": {
        "start": {
          "line": 10,
          "character": 27
        },
        "end": {
          "line": 10,
          "character": 30
        }
      }
    },
    "_vs_projectName": "/dev/null/inferred"
  },
  {
    "_vs_id": 4,
    "_vs_definitionId": 0,
    "_vs_kind": [
      3
    ],
    "_vs_location": {
      "uri": "file:///a.tsx",
      "range": {
        "start": {
          "line": 11,
          "character": 6
        },
        "end": {
          "line": 11,
          "character": 9
        }
      }
    },
    "_vs_projectName": "/dev/null/inferred"
  }
]



// === vsFindAllReferences ===
[
  {
    "_vs_id": 0,
    "_vs_kind": [
      17
    ],
    "_vs_location": {
      "uri": "file:///a.tsx",
      "range": {
        "start": {
          "line": 3,
          "character": 8
        },
        "end": {
          "line": 3,
          "character": 11
        }
      }
    },
    "_vs_definitionText": {
      "Runs": [
        {
          "ClassificationTypeName": "punctuation",
          "Text": "(",
          "MarkerTagType": null,
          "Style": 0,
          "_vs_type": "ClassifiedTextRun"
        },
        {
          "ClassificationTypeName": "text",
          "Text": "property",
          "MarkerTagType": null,
          "Style": 0,
          "_vs_type": "ClassifiedTextRun"
        },
        {
          "ClassificationTypeName": "punctuation",
          "Text": ") ",
          "MarkerTagType": null,
          "Style": 0,
          "_vs_type": "ClassifiedTextRun"
        },
        {
          "ClassificationTypeName": "property name",
          "Text": "JSX.IntrinsicElements.div",
          "MarkerTagType": null,
          "Style": 0,
          "_vs_type": "ClassifiedTextRun"
        },
        {
          "ClassificationTypeName": "punctuation",
          "Text": ": ",
          "MarkerTagType": null,
          "Style": 0,
          "_vs_type": "ClassifiedTextRun"
        },
        {
          "ClassificationTypeName": "keyword",
          "Text": "any",
          "MarkerTagType": null,
          "Style": 0,
          "_vs_type": "ClassifiedTextRun"
        }
      ],
      "_vs_type": "ClassifiedTextElement"
    },
    "_vs_projectName": "/dev/null/inferred",
    "_vs_containingType": ""
  },
  {
    "_vs_id": 1,
    "_vs_definitionId": 0,
    "_vs_kind": [
      3
    ],
    "_vs_location": {
      "uri": "file:///a.tsx",
      "range": {
        "start": {
          "line": 8,
          "character": 5
        },
        "end": {
          "line": 8,
          "character": 8
        }
      }
    },
    "_vs_projectName": "/dev/null/inferred"
  },
  {
    "_vs_id": 2,
    "_vs_definitionId": 0,
    "_vs_kind": [
      3
    ],
    "_vs_location": {
      "uri": "file:///a.tsx",
      "range": {
        "start": {
          "line": 10,
          "character": 9
        },
        "end": {
          "line": 10,
          "character": 12
        }
      }
    },
    "_vs_projectName": "/dev/null/inferred"
  },
  {
    "_vs_id": 3,
    "_vs_definitionId": 0,
    "_vs_kind": [
      3
    ],
    "_vs_location": {
      "uri": "file:///a.tsx",
      "range": {
        "start": {
          "line": 10,
          "character": 27
        },
        "end": {
          "line": 10,
          "character": 30
        }
      }
    },
    "_vs_projectName": "/dev/null/inferred"
  },
  {
    "_vs_id": 4,
    "_vs_definitionId": 0,
    "_vs_kind": [
      3
    ],
    "_vs_location": {
      "uri": "file:///a.tsx",
      "range": {
        "start": {
          "line": 11,
          "character": 6
        },
        "end": {
          "line": 11,
          "character": 9
        }
      }
    },
    "_vs_projectName": "/dev/null/inferred"
  }
]



// === vsFindAllReferences ===
[
  {
    "_vs_id": 0,
    "_vs_kind": [
      17
    ],
    "_vs_location": {
      "uri": "file:///a.tsx",
      "range": {
        "start": {
          "line": 3,
          "character": 8
        },
        "end": {
          "line": 3,
          "character": 11
        }
      }
    },
    "_vs_definitionText": {
      "Runs": [
        {
          "ClassificationTypeName": "punctuation",
          "Text": "(",
          "MarkerTagType": null,
          "Style": 0,
          "_vs_type": "ClassifiedTextRun"
        },
        {
          "ClassificationTypeName": "text",
          "Text": "property",
          "MarkerTagType": null,
          "Style": 0,
          "_vs_type": "ClassifiedTextRun"
        },
        {
          "ClassificationTypeName": "punctuation",
          "Text": ") ",
          "MarkerTagType": null,
          "Style": 0,
          "_vs_type": "ClassifiedTextRun"
        },
        {
          "ClassificationTypeName": "property name",
          "Text": "JSX.IntrinsicElements.div",
          "MarkerTagType": null,
          "Style": 0,
          "_vs_type": "ClassifiedTextRun"
        },
        {
          "ClassificationTypeName": "punctuation",
          "Text": ": ",
          "MarkerTagType": null,
          "Style": 0,
          "_vs_type": "ClassifiedTextRun"
        },
        {
          "ClassificationTypeName": "keyword",
          "Text": "any",
          "MarkerTagType": null,
          "Style": 0,
          "_vs_type": "ClassifiedTextRun"
        }
      ],
      "_vs_type": "ClassifiedTextElement"
    },
    "_vs_projectName": "/dev/null/inferred",
    "_vs_containingType": ""
  },
  {
    "_vs_id": 1,
    "_vs_definitionId": 0,
    "_vs_kind": [
      3
    ],
    "_vs_location": {
      "uri": "file:///a.tsx",
      "range": {
        "start": {
          "line": 8,
          "character": 5
        },
        "end": {
          "line": 8,
          "character": 8
        }
      }
    },
    "_vs_projectName": "/dev/null/inferred"
  },
  {
    "_vs_id": 2,
    "_vs_definitionId": 0,
    "_vs_kind": [
      3
    ],
    "_vs_location": {
      "uri": "file:///a.tsx",
      "range": {
        "start": {
          "line": 10,
          "character": 9
        },
        "end": {
          "line": 10,
          "character": 12
        }
      }
    },
    "_vs_projectName": "/dev/null/inferred"
  },
  {
    "_vs_id": 3,
    "_vs_definitionId": 0,
    "_vs_kind": [
      3
    ],
    "_vs_location": {
      "uri": "file:///a.tsx",
      "range": {
        "start": {
          "line": 10,
          "character": 27
        },
        "end": {
          "line": 10,
          "character": 30
        }
      }
    },
    "_vs_projectName": "/dev/null/inferred"
  },
  {
    "_vs_id": 4,
    "_vs_definitionId": 0,
    "_vs_kind": [
      3
    ],
    "_vs_location": {
      "uri": "file:///a.tsx",
      "range": {
        "start": {
          "line": 11,
          "character": 6
        },
        "end": {
          "line": 11,
          "character": 9
        }
      }
    },
    "_vs_projectName": "/dev/null/inferred"
  }
]



// === vsFindAllReferences ===
[
  {
    "_vs_id": 0,
    "_vs_kind": [
      17
    ],
    "_vs_location": {
      "uri": "file:///a.tsx",
      "range": {
        "start": {
          "line": 7,
          "character": 6
        },
        "end": {
          "line": 7,
          "character": 10
        }
      }
    },
    "_vs_definitionText": {
      "Runs": [
        {
          "ClassificationTypeName": "keyword",
          "Text": "const ",
          "MarkerTagType": null,
          "Style": 0,
          "_vs_type": "ClassifiedTextRun"
        },
        {
          "ClassificationTypeName": "local name",
          "Text": "Comp",
          "MarkerTagType": null,
          "Style": 0,
          "_vs_type": "ClassifiedTextRun"
        },
        {
          "ClassificationTypeName": "punctuation",
          "Text": ": ",
          "MarkerTagType": null,
          "Style": 0,
          "_vs_type": "ClassifiedTextRun"
        },
        {
          "ClassificationTypeName": "punctuation",
          "Text": "(",
          "MarkerTagType": null,
          "Style": 0,
          "_vs_type": "ClassifiedTextRun"
        },
        {
          "ClassificationTypeName": "punctuation",
          "Text": ")",
          "MarkerTagType": null,
          "Style": 0,
          "_vs_type": "ClassifiedTextRun"
        },
        {
          "ClassificationTypeName": "whitespace",
          "Text": " ",
          "MarkerTagType": null,
          "Style": 0,
          "_vs_type": "ClassifiedTextRun"
        },
        {
          "ClassificationTypeName": "punctuation",
          "Text": "=>",
          "MarkerTagType": null,
          "Style": 0,
          "_vs_type": "ClassifiedTextRun"
        },
        {
          "ClassificationTypeName": "whitespace",
          "Text": " ",
          "MarkerTagType": null,
          "Style": 0,
          "_vs_type": "ClassifiedTextRun"
        },
        {
          "ClassificationTypeName": "module name",
          "Text": "JSX",
          "MarkerTagType": null,
          "Style": 0,
          "_vs_type": "ClassifiedTextRun"
        },
        {
          "ClassificationTypeName": "punctuation",
          "Text": ".",
          "MarkerTagType": null,
          "Style": 0,
          "_vs_type": "ClassifiedTextRun"
        },
        {
          "ClassificationTypeName": "interface name",
          "Text": "Element",
          "MarkerTagType": null,
          "Style": 0,
          "_vs_type": "ClassifiedTextRun"
        }
      ],
      "_vs_type": "ClassifiedTextElement"
    },
    "_vs_projectName": "/dev/null/inferred",
    "_vs_containingType": ""
  },
  {
    "_vs_id": 1,
    "_vs_definitionId": 0,
    "_vs_kind": [
      3
    ],
    "_vs_location": {
      "uri": "file:///a.tsx",
      "range": {
        "start": {
          "line": 13,
          "character": 11
        },
        "end": {
          "line": 13,
          "character": 15
        }
      }
    },
    "_vs_projectName": "/dev/null/inferred"
  },
  {
    "_vs_id": 2,
    "_vs_definitionId": 0,
    "_vs_kind": [
      3
    ],
    "_vs_location": {
      "uri": "file:///a.tsx",
      "range": {
        "start": {
          "line": 15,
          "character": 2
        },
        "end": {
          "line": 15,
          "character": 6
        }
      }
    },
    "_vs_projectName": "/dev/null/inferred"
  }
]



// === vsFindAllReferences ===
[
  {
    "_vs_id": 0,
    "_vs_kind": [
      17
    ],
    "_vs_location": {
      "uri": "file:///a.tsx",
      "range": {
        "start": {
          "line": 7,
          "character": 6
        },
        "end": {
          "line": 7,
          "character": 10
        }
      }
    },
    "_vs_definitionText": {
      "Runs": [
        {
          "ClassificationTypeName": "keyword",
          "Text": "const ",
          "MarkerTagType": null,
          "Style": 0,
          "_vs_type": "ClassifiedTextRun"
        },
        {
          "ClassificationTypeName": "local name",
          "Text": "Comp",
          "MarkerTagType": null,
          "Style": 0,
          "_vs_type": "ClassifiedTextRun"
        },
        {
          "ClassificationTypeName": "punctuation",
          "Text": ": ",
          "MarkerTagType": null,
          "Style": 0,
          "_vs_type": "ClassifiedTextRun"
        },
        {
          "ClassificationTypeName": "punctuation",
          "Text": "(",
          "MarkerTagType": null,
          "Style": 0,
          "_vs_type": "ClassifiedTextRun"
        },
        {
          "ClassificationTypeName": "punctuation",
          "Text": ")",
          "MarkerTagType": null,
          "Style": 0,
          "_vs_type": "ClassifiedTextRun"
        },
        {
          "ClassificationTypeName": "whitespace",
          "Text": " ",
          "MarkerTagType": null,
          "Style": 0,
          "_vs_type": "ClassifiedTextRun"
        },
        {
          "ClassificationTypeName": "punctuation",
          "Text": "=>",
          "MarkerTagType": null,
          "Style": 0,
          "_vs_type": "ClassifiedTextRun"
        },
        {
          "ClassificationTypeName": "whitespace",
          "Text": " ",
          "MarkerTagType": null,
          "Style": 0,
          "_vs_type": "ClassifiedTextRun"
        },
        {
          "ClassificationTypeName": "module name",
          "Text": "JSX",
          "MarkerTagType": null,
          "Style": 0,
          "_vs_type": "ClassifiedTextRun"
        },
        {
          "ClassificationTypeName": "punctuation",
          "Text": ".",
          "MarkerTagType": null,
          "Style": 0,
          "_vs_type": "ClassifiedTextRun"
        },
        {
          "ClassificationTypeName": "interface name",
          "Text": "Element",
          "MarkerTagType": null,
          "Style": 0,
          "_vs_type": "ClassifiedTextRun"
        }
      ],
      "_vs_type": "ClassifiedTextElement"
    },
    "_vs_projectName": "/dev/null/inferred",
    "_vs_containingType": ""
  },
  {
    "_vs_id": 1,
    "_vs_definitionId": 0,
    "_vs_kind": [
      3
    ],
    "_vs_location": {
      "uri": "file:///a.tsx",
      "range": {
        "start": {
          "line": 13,
          "character": 11
        },
        "end": {
          "line": 13,
          "character": 15
        }
      }
    },
    "_vs_projectName": "/dev/null/inferred"
  },
  {
    "_vs_id": 2,
    "_vs_definitionId": 0,
    "_vs_kind": [
      3
    ],
    "_vs_location": {
      "uri": "file:///a.tsx",
      "range": {
        "start": {
          "line": 15,
          "character": 2
        },
        "end": {
          "line": 15,
          "character": 6
        }
      }
    },
    "_vs_projectName": "/dev/null/inferred"
  }
]



// === vsFindAllReferences ===
[
  {
    "_vs_id": 0,
    "_vs_kind": [
      17
    ],
    "_vs_location": {
      "uri": "file:///a.tsx",
      "range": {
        "start": {
          "line": 7,
          "character": 6
        },
        "end": {
          "line": 7,
          "character": 10
        }
      }
    },
    "_vs_definitionText": {
      "Runs": [
        {
          "ClassificationTypeName": "keyword",
          "Text": "const ",
          "MarkerTagType": null,
          "Style": 0,
          "_vs_type": "ClassifiedTextRun"
        },
        {
          "ClassificationTypeName": "local name",
          "Text": "Comp",
          "MarkerTagType": null,
          "Style": 0,
          "_vs_type": "ClassifiedTextRun"
        },
        {
          "ClassificationTypeName": "punctuation",
          "Text": ": ",
          "MarkerTagType": null,
          "Style": 0,
          "_vs_type": "ClassifiedTextRun"
        },
        {
          "ClassificationTypeName": "punctuation",
          "Text": "(",
          "MarkerTagType": null,
          "Style": 0,
          "_vs_type": "ClassifiedTextRun"
        },
        {
          "ClassificationTypeName": "punctuation",
          "Text": ")",
          "MarkerTagType": null,
          "Style": 0,
          "_vs_type": "ClassifiedTextRun"
        },
        {
          "ClassificationTypeName": "whitespace",
          "Text": " ",
          "MarkerTagType": null,
          "Style": 0,
          "_vs_type": "ClassifiedTextRun"
        },
        {
          "ClassificationTypeName": "punctuation",
          "Text": "=>",
          "MarkerTagType": null,
          "Style": 0,
          "_vs_type": "ClassifiedTextRun"
        },
        {
          "ClassificationTypeName": "whitespace",
          "Text": " ",
          "MarkerTagType": null,
          "Style": 0,
          "_vs_type": "ClassifiedTextRun"
        },
        {
          "ClassificationTypeName": "module name",
          "Text": "JSX",
          "MarkerTagType": null,
          "Style": 0,
          "_vs_type": "ClassifiedTextRun"
        },
        {
          "ClassificationTypeName": "punctuation",
          "Text": ".",
          "MarkerTagType": null,
          "Style": 0,
          "_vs_type": "ClassifiedTextRun"
        },
        {
          "ClassificationTypeName": "interface name",
          "Text": "Element",
          "MarkerTagType": null,
          "Style": 0,
          "_vs_type": "ClassifiedTextRun"
        }
      ],
      "_vs_type": "ClassifiedTextElement"
    },
    "_vs_projectName": "/dev/null/inferred",
    "_vs_containingType": ""
  },
  {
    "_vs_id": 1,
    "_vs_definitionId": 0,
    "_vs_kind": [
      3
    ],
    "_vs_location": {
      "uri": "file:///a.tsx",
      "range": {
        "start": {
          "line": 13,
          "character": 11
        },
        "end": {
          "line": 13,
          "character": 15
        }
      }
    },
    "_vs_projectName": "/dev/null/inferred"
  },
  {
    "_vs_id": 2,
    "_vs_definitionId": 0,
    "_vs_kind": [
      3
    ],
    "_vs_location": {
      "uri": "file:///a.tsx",
      "range": {
        "start": {
          "line": 15,
          "character": 2
        },
        "end": {
          "line": 15,
          "character": 6
        }
      }
    },
    "_vs_projectName": "/dev/null/inferred"
  }
]