// === vsFindAllReferences ===
[
  {
    "_vs_id": 0,
    "_vs_kind": [
      17
    ],
    "_vs_location": {
      "uri": "file:///a.ts",
      "range": {
        "start": {
          "line": 0,
          "character": 9
        },
        "end": {
          "line": 0,
          "character": 10
        }
      }
    },
    "_vs_definitionText": {
      "Runs": [],
      "_vs_type": "ClassifiedTextElement"
    },
    "_vs_projectName": "/dev/null/inferred",
    "_vs_containingType": ""
  }
]



// === vsFindAllReferences ===
[
  {
    "_vs_id": 0,
    "_vs_kind": [
      17
    ],
    "_vs_location": {
      "uri": "file:///a.ts",
      "range": {
        "start": {
          "line": 0,
          "character": 9
        },
        "end": {
          "line": 0,
          "character": 10
        }
      }
    },
    "_vs_definitionText": {
      "Runs": [],
      "_vs_type": "ClassifiedTextElement"
    },
    "_vs_projectName": "/dev/null/inferred",
    "_vs_containingType": ""
  }
]