// === vsFindAllReferences ===
[
  {
    "_vs_id": 0,
    "_vs_kind": [
      17
    ],
    "_vs_location": {
      "uri": "file:///findAllRefsOnDefinition2-import.ts",
      "range": {
        "start": {
          "line": 2,
          "character": 21
        },
        "end": {
          "line": 2,
          "character": 26
        }
      }
    },
    "_vs_definitionText": {
      "Runs": [
        {
          "ClassificationTypeName": "keyword",
          "Text": "interface ",
          "MarkerTagType": null,
          "Style": 0,
          "_vs_type": "ClassifiedTextRun"
        },
        {
          "ClassificationTypeName": "interface name",
          "Text": "start",
          "MarkerTagType": null,
          "Style": 0,
          "_vs_type": "ClassifiedTextRun"
        }
      ],
      "_vs_type": "ClassifiedTextElement"
    },
    "_vs_projectName": "/dev/null/inferred",
    "_vs_containingType": ""
  },
  {
    "_vs_id": 1,
    "_vs_definitionId": 0,
    "_vs_kind": [
      3
    ],
    "_vs_location": {
      "uri": "file:///findAllRefsOnDefinition2.ts",
      "range": {
        "start": {
          "line": 2,
          "character": 23
        },
        "end": {
          "line": 2,
          "character": 28
        }
      }
    },
    "_vs_projectName": "/dev/null/inferred"
  }
]



// === vsFindAllReferences ===
[
  {
    "_vs_id": 0,
    "_vs_kind": [
      17
    ],
    "_vs_location": {
      "uri": "file:///findAllRefsOnDefinition2-import.ts",
      "range": {
        "start": {
          "line": 2,
          "character": 21
        },
        "end": {
          "line": 2,
          "character": 26
        }
      }
    },
    "_vs_definitionText": {
      "Runs": [
        {
          "ClassificationTypeName": "keyword",
          "Text": "interface ",
          "MarkerTagType": null,
          "Style": 0,
          "_vs_type": "ClassifiedTextRun"
        },
        {
          "ClassificationTypeName": "interface name",
          "Text": "start",
          "MarkerTagType": null,
          "Style": 0,
          "_vs_type": "ClassifiedTextRun"
        }
      ],
      "_vs_type": "ClassifiedTextElement"
    },
    "_vs_projectName": "/dev/null/inferred",
    "_vs_containingType": ""
  },
  {
    "_vs_id": 1,
    "_vs_definitionId": 0,
    "_vs_kind": [
      3
    ],
    "_vs_location": {
      "uri": "file:///findAllRefsOnDefinition2.ts",
      "range": {
        "start": {
          "line": 2,
          "character": 23
        },
        "end": {
          "line": 2,
          "character": 28
        }
      }
    },
    "_vs_projectName": "/dev/null/inferred"
  }
]



// === vsFindAllReferences ===
[
  {
    "_vs_id": 0,
    "_vs_kind": [
      17
    ],
    "_vs_location": {
      "uri": "file:///findAllRefsOnDefinition2-import.ts",
      "range": {
        "start": {
          "line": 2,
          "character": 21
        },
        "end": {
          "line": 2,
          "character": 26
        }
      }
    },
    "_vs_definitionText": {
      "Runs": [
        {
          "ClassificationTypeName": "keyword",
          "Text": "interface ",
          "MarkerTagType": null,
          "Style": 0,
          "_vs_type": "ClassifiedTextRun"
        },
        {
          "ClassificationTypeName": "interface name",
          "Text": "Second.Test.start",
          "MarkerTagType": null,
          "Style": 0,
          "_vs_type": "ClassifiedTextRun"
        }
      ],
      "_vs_type": "ClassifiedTextElement"
    },
    "_vs_projectName": "/dev/null/inferred",
    "_vs_containingType": ""
  },
  {
    "_vs_id": 1,
    "_vs_definitionId": 0,
    "_vs_kind": [
      3
    ],
    "_vs_location": {
      "uri": "file:///findAllRefsOnDefinition2.ts",
      "range": {
        "start": {
          "line": 2,
          "character": 23
        },
        "end": {
          "line": 2,
          "character": 28
        }
      }
    },
    "_vs_projectName": "/dev/null/inferred"
  }
]