// === vsFindAllReferences ===
[
  {
    "_vs_id": 0,
    "_vs_kind": [
      17
    ],
    "_vs_location": {
      "uri": "file:///a.ts",
      "range": {
        "start": {
          "line": 0,
          "character": 13
        },
        "end": {
          "line": 0,
          "character": 18
        }
      }
    },
    "_vs_definitionText": {
      "Runs": [
        {
          "ClassificationTypeName": "keyword",
          "Text": "class ",
          "MarkerTagType": null,
          "Style": 0,
          "_vs_type": "ClassifiedTextRun"
        },
        {
          "ClassificationTypeName": "class name",
          "Text": "Class",
          "MarkerTagType": null,
          "Style": 0,
          "_vs_type": "ClassifiedTextRun"
        }
      ],
      "_vs_type": "ClassifiedTextElement"
    },
    "_vs_projectName": "/dev/null/inferred",
    "_vs_containingType": ""
  },
  {
    "_vs_id": 1,
    "_vs_definitionId": 0,
    "_vs_kind": [
      3
    ],
    "_vs_location": {
      "uri": "file:///b.ts",
      "range": {
        "start": {
          "line": 0,
          "character": 9
        },
        "end": {
          "line": 0,
          "character": 14
        }
      }
    },
    "_vs_projectName": "/dev/null/inferred"
  },
  {
    "_vs_id": 2,
    "_vs_kind": [
      17
    ],
    "_vs_location": {
      "uri": "file:///b.ts",
      "range": {
        "start": {
          "line": 0,
          "character": 18
        },
        "end": {
          "line": 0,
          "character": 20
        }
      }
    },
    "_vs_definitionText": {
      "Runs": [
        {
          "ClassificationTypeName": "punctuation",
          "Text": "(",
          "MarkerTagType": null,
          "Style": 0,
          "_vs_type": "ClassifiedTextRun"
        },
        {
          "ClassificationTypeName": "text",
          "Text": "alias",
          "MarkerTagType": null,
          "Style": 0,
          "_vs_type": "ClassifiedTextRun"
        },
        {
          "ClassificationTypeName": "punctuation",
          "Text": ") ",
          "MarkerTagType": null,
          "Style": 0,
          "_vs_type": "ClassifiedTextRun"
        },
        {
          "ClassificationTypeName": "keyword",
          "Text": "class ",
          "MarkerTagType": null,
          "Style": 0,
          "_vs_type": "ClassifiedTextRun"
        },
        {
          "ClassificationTypeName": "class name",
          "Text": "Class",
          "MarkerTagType": null,
          "Style": 0,
          "_vs_type": "ClassifiedTextRun"
        }
      ],
      "_vs_type": "ClassifiedTextElement"
    },
    "_vs_projectName": "/dev/null/inferred",
    "_vs_containingType": ""
  },
  {
    "_vs_id": 3,
    "_vs_definitionId": 2,
    "_vs_kind": [
      3
    ],
    "_vs_location": {
      "uri": "file:///b.ts",
      "range": {
        "start": {
          "line": 1,
          "character": 12
        },
        "end": {
          "line": 1,
          "character": 14
        }
      }
    },
    "_vs_projectName": "/dev/null/inferred"
  },
  {
    "_vs_id": 4,
    "_vs_definitionId": 0,
    "_vs_kind": [
      3
    ],
    "_vs_location": {
      "uri": "file:///c.ts",
      "range": {
        "start": {
          "line": 0,
          "character": 9
        },
        "end": {
          "line": 0,
          "character": 14
        }
      }
    },
    "_vs_projectName": "/dev/null/inferred"
  },
  {
    "_vs_id": 5,
    "_vs_kind": [
      17
    ],
    "_vs_location": {
      "uri": "file:///c.ts",
      "range": {
        "start": {
          "line": 0,
          "character": 18
        },
        "end": {
          "line": 0,
          "character": 20
        }
      }
    },
    "_vs_definitionText": {
      "Runs": [
        {
          "ClassificationTypeName": "punctuation",
          "Text": "(",
          "MarkerTagType": null,
          "Style": 0,
          "_vs_type": "ClassifiedTextRun"
        },
        {
          "ClassificationTypeName": "text",
          "Text": "alias",
          "MarkerTagType": null,
          "Style": 0,
          "_vs_type": "ClassifiedTextRun"
        },
        {
          "ClassificationTypeName": "punctuation",
          "Text": ") ",
          "MarkerTagType": null,
          "Style": 0,
          "_vs_type": "ClassifiedTextRun"
        },
        {
          "ClassificationTypeName": "keyword",
          "Text": "class ",
          "MarkerTagType": null,
          "Style": 0,
          "_vs_type": "ClassifiedTextRun"
        },
        {
          "ClassificationTypeName": "class name",
          "Text": "Class",
          "MarkerTagType": null,
          "Style": 0,
          "_vs_type": "ClassifiedTextRun"
        }
      ],
      "_vs_type": "ClassifiedTextElement"
    },
    "_vs_projectName": "/dev/null/inferred",
    "_vs_containingType": ""
  }
]



// === vsFindAllReferences ===
[
  {
    "_vs_id": 0,
    "_vs_kind": [
      17
    ],
    "_vs_location": {
      "uri": "file:///a.ts",
      "range": {
        "start": {
          "line": 0,
          "character": 13
        },
        "end": {
          "line": 0,
          "character": 18
        }
      }
    },
    "_vs_definitionText": {
      "Runs": [
        {
          "ClassificationTypeName": "keyword",
          "Text": "class ",
          "MarkerTagType": null,
          "Style": 0,
          "_vs_type": "ClassifiedTextRun"
        },
        {
          "ClassificationTypeName": "class name",
          "Text": "Class",
          "MarkerTagType": null,
          "Style": 0,
          "_vs_type": "ClassifiedTextRun"
        }
      ],
      "_vs_type": "ClassifiedTextElement"
    },
    "_vs_projectName": "/dev/null/inferred",
    "_vs_containingType": ""
  },
  {
    "_vs_id": 1,
    "_vs_definitionId": 0,
    "_vs_kind": [
      3
    ],
    "_vs_location": {
      "uri": "file:///b.ts",
      "range": {
        "start": {
          "line": 0,
          "character": 9
        },
        "end": {
          "line": 0,
          "character": 14
        }
      }
    },
    "_vs_projectName": "/dev/null/inferred"
  },
  {
    "_vs_id": 2,
    "_vs_kind": [
      17
    ],
    "_vs_location": {
      "uri": "file:///b.ts",
      "range": {
        "start": {
          "line": 0,
          "character": 18
        },
        "end": {
          "line": 0,
          "character": 20
        }
      }
    },
    "_vs_definitionText": {
      "Runs": [
        {
          "ClassificationTypeName": "punctuation",
          "Text": "(",
          "MarkerTagType": null,
          "Style": 0,
          "_vs_type": "ClassifiedTextRun"
        },
        {
          "ClassificationTypeName": "text",
          "Text": "alias",
          "MarkerTagType": null,
          "Style": 0,
          "_vs_type": "ClassifiedTextRun"
        },
        {
          "ClassificationTypeName": "punctuation",
          "Text": ") ",
          "MarkerTagType": null,
          "Style": 0,
          "_vs_type": "ClassifiedTextRun"
        },
        {
          "ClassificationTypeName": "keyword",
          "Text": "class ",
          "MarkerTagType": null,
          "Style": 0,
          "_vs_type": "ClassifiedTextRun"
        },
        {
          "ClassificationTypeName": "class name",
          "Text": "Class",
          "MarkerTagType": null,
          "Style": 0,
          "_vs_type": "ClassifiedTextRun"
        }
      ],
      "_vs_type": "ClassifiedTextElement"
    },
    "_vs_projectName": "/dev/null/inferred",
    "_vs_containingType": ""
  },
  {
    "_vs_id": 3,
    "_vs_definitionId": 2,
    "_vs_kind": [
      3
    ],
    "_vs_location": {
      "uri": "file:///b.ts",
      "range": {
        "start": {
          "line": 1,
          "character": 12
        },
        "end": {
          "line": 1,
          "character": 14
        }
      }
    },
    "_vs_projectName": "/dev/null/inferred"
  },
  {
    "_vs_id": 4,
    "_vs_definitionId": 0,
    "_vs_kind": [
      3
    ],
    "_vs_location": {
      "uri": "file:///c.ts",
      "range": {
        "start": {
          "line": 0,
          "character": 9
        },
        "end": {
          "line": 0,
          "character": 14
        }
      }
    },
    "_vs_projectName": "/dev/null/inferred"
  },
  {
    "_vs_id": 5,
    "_vs_kind": [
      17
    ],
    "_vs_location": {
      "uri": "file:///c.ts",
      "range": {
        "start": {
          "line": 0,
          "character": 18
        },
        "end": {
          "line": 0,
          "character": 20
        }
      }
    },
    "_vs_definitionText": {
      "Runs": [
        {
          "ClassificationTypeName": "punctuation",
          "Text": "(",
          "MarkerTagType": null,
          "Style": 0,
          "_vs_type": "ClassifiedTextRun"
        },
        {
          "ClassificationTypeName": "text",
          "Text": "alias",
          "MarkerTagType": null,
          "Style": 0,
          "_vs_type": "ClassifiedTextRun"
        },
        {
          "ClassificationTypeName": "punctuation",
          "Text": ") ",
          "MarkerTagType": null,
          "Style": 0,
          "_vs_type": "ClassifiedTextRun"
        },
        {
          "ClassificationTypeName": "keyword",
          "Text": "class ",
          "MarkerTagType": null,
          "Style": 0,
          "_vs_type": "ClassifiedTextRun"
        },
        {
          "ClassificationTypeName": "class name",
          "Text": "Class",
          "MarkerTagType": null,
          "Style": 0,
          "_vs_type": "ClassifiedTextRun"
        }
      ],
      "_vs_type": "ClassifiedTextElement"
    },
    "_vs_projectName": "/dev/null/inferred",
    "_vs_containingType": ""
  }
]



// === vsFindAllReferences ===
[
  {
    "_vs_id": 0,
    "_vs_kind": [
      17
    ],
    "_vs_location": {
      "uri": "file:///a.ts",
      "range": {
        "start": {
          "line": 0,
          "character": 13
        },
        "end": {
          "line": 0,
          "character": 18
        }
      }
    },
    "_vs_definitionText": {
      "Runs": [
        {
          "ClassificationTypeName": "keyword",
          "Text": "class ",
          "MarkerTagType": null,
          "Style": 0,
          "_vs_type": "ClassifiedTextRun"
        },
        {
          "ClassificationTypeName": "class name",
          "Text": "Class",
          "MarkerTagType": null,
          "Style": 0,
          "_vs_type": "ClassifiedTextRun"
        }
      ],
      "_vs_type": "ClassifiedTextElement"
    },
    "_vs_projectName": "/dev/null/inferred",
    "_vs_containingType": ""
  },
  {
    "_vs_id": 1,
    "_vs_definitionId": 0,
    "_vs_kind": [
      3
    ],
    "_vs_location": {
      "uri": "file:///b.ts",
      "range": {
        "start": {
          "line": 0,
          "character": 9
        },
        "end": {
          "line": 0,
          "character": 14
        }
      }
    },
    "_vs_projectName": "/dev/null/inferred"
  },
  {
    "_vs_id": 2,
    "_vs_kind": [
      17
    ],
    "_vs_location": {
      "uri": "file:///b.ts",
      "range": {
        "start": {
          "line": 0,
          "character": 18
        },
        "end": {
          "line": 0,
          "character": 20
        }
      }
    },
    "_vs_definitionText": {
      "Runs": [
        {
          "ClassificationTypeName": "punctuation",
          "Text": "(",
          "MarkerTagType": null,
          "Style": 0,
          "_vs_type": "ClassifiedTextRun"
        },
        {
          "ClassificationTypeName": "text",
          "Text": "alias",
          "MarkerTagType": null,
          "Style": 0,
          "_vs_type": "ClassifiedTextRun"
        },
        {
          "ClassificationTypeName": "punctuation",
          "Text": ") ",
          "MarkerTagType": null,
          "Style": 0,
          "_vs_type": "ClassifiedTextRun"
        },
        {
          "ClassificationTypeName": "keyword",
          "Text": "class ",
          "MarkerTagType": null,
          "Style": 0,
          "_vs_type": "ClassifiedTextRun"
        },
        {
          "ClassificationTypeName": "class name",
          "Text": "Class",
          "MarkerTagType": null,
          "Style": 0,
          "_vs_type": "ClassifiedTextRun"
        }
      ],
      "_vs_type": "ClassifiedTextElement"
    },
    "_vs_projectName": "/dev/null/inferred",
    "_vs_containingType": ""
  },
  {
    "_vs_id": 3,
    "_vs_definitionId": 2,
    "_vs_kind": [
      3
    ],
    "_vs_location": {
      "uri": "file:///b.ts",
      "range": {
        "start": {
          "line": 1,
          "character": 12
        },
        "end": {
          "line": 1,
          "character": 14
        }
      }
    },
    "_vs_projectName": "/dev/null/inferred"
  },
  {
    "_vs_id": 4,
    "_vs_definitionId": 0,
    "_vs_kind": [
      3
    ],
    "_vs_location": {
      "uri": "file:///c.ts",
      "range": {
        "start": {
          "line": 0,
          "character": 9
        },
        "end": {
          "line": 0,
          "character": 14
        }
      }
    },
    "_vs_projectName": "/dev/null/inferred"
  },
  {
    "_vs_id": 5,
    "_vs_kind": [
      17
    ],
    "_vs_location": {
      "uri": "file:///c.ts",
      "range": {
        "start": {
          "line": 0,
          "character": 18
        },
        "end": {
          "line": 0,
          "character": 20
        }
      }
    },
    "_vs_definitionText": {
      "Runs": [
        {
          "ClassificationTypeName": "punctuation",
          "Text": "(",
          "MarkerTagType": null,
          "Style": 0,
          "_vs_type": "ClassifiedTextRun"
        },
        {
          "ClassificationTypeName": "text",
          "Text": "alias",
          "MarkerTagType": null,
          "Style": 0,
          "_vs_type": "ClassifiedTextRun"
        },
        {
          "ClassificationTypeName": "punctuation",
          "Text": ") ",
          "MarkerTagType": null,
          "Style": 0,
          "_vs_type": "ClassifiedTextRun"
        },
        {
          "ClassificationTypeName": "keyword",
          "Text": "class ",
          "MarkerTagType": null,
          "Style": 0,
          "_vs_type": "ClassifiedTextRun"
        },
        {
          "ClassificationTypeName": "class name",
          "Text": "Class",
          "MarkerTagType": null,
          "Style": 0,
          "_vs_type": "ClassifiedTextRun"
        }
      ],
      "_vs_type": "ClassifiedTextElement"
    },
    "_vs_projectName": "/dev/null/inferred",
    "_vs_containingType": ""
  }
]



// === vsFindAllReferences ===
[
  {
    "_vs_id": 0,
    "_vs_kind": [
      17
    ],
    "_vs_location": {
      "uri": "file:///b.ts",
      "range": {
        "start": {
          "line": 0,
          "character": 18
        },
        "end": {
          "line": 0,
          "character": 20
        }
      }
    },
    "_vs_definitionText": {
      "Runs": [
        {
          "ClassificationTypeName": "punctuation",
          "Text": "(",
          "MarkerTagType": null,
          "Style": 0,
          "_vs_type": "ClassifiedTextRun"
        },
        {
          "ClassificationTypeName": "text",
          "Text": "alias",
          "MarkerTagType": null,
          "Style": 0,
          "_vs_type": "ClassifiedTextRun"
        },
        {
          "ClassificationTypeName": "punctuation",
          "Text": ") ",
          "MarkerTagType": null,
          "Style": 0,
          "_vs_type": "ClassifiedTextRun"
        },
        {
          "ClassificationTypeName": "keyword",
          "Text": "class ",
          "MarkerTagType": null,
          "Style": 0,
          "_vs_type": "ClassifiedTextRun"
        },
        {
          "ClassificationTypeName": "class name",
          "Text": "Class",
          "MarkerTagType": null,
          "Style": 0,
          "_vs_type": "ClassifiedTextRun"
        }
      ],
      "_vs_type": "ClassifiedTextElement"
    },
    "_vs_projectName": "/dev/null/inferred",
    "_vs_containingType": ""
  },
  {
    "_vs_id": 1,
    "_vs_definitionId": 0,
    "_vs_kind": [
      3
    ],
    "_vs_location": {
      "uri": "file:///b.ts",
      "range": {
        "start": {
          "line": 1,
          "character": 12
        },
        "end": {
          "line": 1,
          "character": 14
        }
      }
    },
    "_vs_projectName": "/dev/null/inferred"
  }
]



// === vsFindAllReferences ===
[
  {
    "_vs_id": 0,
    "_vs_kind": [
      17
    ],
    "_vs_location": {
      "uri": "file:///b.ts",
      "range": {
        "start": {
          "line": 0,
          "character": 18
        },
        "end": {
          "line": 0,
          "character": 20
        }
      }
    },
    "_vs_definitionText": {
      "Runs": [
        {
          "ClassificationTypeName": "punctuation",
          "Text": "(",
          "MarkerTagType": null,
          "Style": 0,
          "_vs_type": "ClassifiedTextRun"
        },
        {
          "ClassificationTypeName": "text",
          "Text": "alias",
          "MarkerTagType": null,
          "Style": 0,
          "_vs_type": "ClassifiedTextRun"
        },
        {
          "ClassificationTypeName": "punctuation",
          "Text": ") ",
          "MarkerTagType": null,
          "Style": 0,
          "_vs_type": "ClassifiedTextRun"
        },
        {
          "ClassificationTypeName": "keyword",
          "Text": "constructor ",
          "MarkerTagType": null,
          "Style": 0,
          "_vs_type": "ClassifiedTextRun"
        },
        {
          "ClassificationTypeName": "class name",
          "Text": "Class",
          "MarkerTagType": null,
          "Style": 0,
          "_vs_type": "ClassifiedTextRun"
        },
        {
          "ClassificationTypeName": "punctuation",
          "Text": "(",
          "MarkerTagType": null,
          "Style": 0,
          "_vs_type": "ClassifiedTextRun"
        },
        {
          "ClassificationTypeName": "punctuation",
          "Text": ")",
          "MarkerTagType": null,
          "Style": 0,
          "_vs_type": "ClassifiedTextRun"
        },
        {
          "ClassificationTypeName": "punctuation",
          "Text": ":",
          "MarkerTagType": null,
          "Style": 0,
          "_vs_type": "ClassifiedTextRun"
        },
        {
          "ClassificationTypeName": "whitespace",
          "Text": " ",
          "MarkerTagType": null,
          "Style": 0,
          "_vs_type": "ClassifiedTextRun"
        },
        {
          "ClassificationTypeName": "identifier",
          "Text": "C2",
          "MarkerTagType": null,
          "Style": 0,
          "_vs_type": "ClassifiedTextRun"
        },
        {
          "ClassificationTypeName": "punctuation",
          "Text": ";",
          "MarkerTagType": null,
          "Style": 0,
          "_vs_type": "ClassifiedTextRun"
        }
      ],
      "_vs_type": "ClassifiedTextElement"
    },
    "_vs_projectName": "/dev/null/inferred",
    "_vs_containingType": ""
  },
  {
    "_vs_id": 1,
    "_vs_definitionId": 0,
    "_vs_kind": [
      3
    ],
    "_vs_location": {
      "uri": "file:///b.ts",
      "range": {
        "start": {
          "line": 1,
          "character": 12
        },
        "end": {
          "line": 1,
          "character": 14
        }
      }
    },
    "_vs_projectName": "/dev/null/inferred"
  }
]



// === vsFindAllReferences ===
[
  {
    "_vs_id": 0,
    "_vs_kind": [
      17
    ],
    "_vs_location": {
      "uri": "file:///c.ts",
      "range": {
        "start": {
          "line": 0,
          "character": 18
        },
        "end": {
          "line": 0,
          "character": 20
        }
      }
    },
    "_vs_definitionText": {
      "Runs": [
        {
          "ClassificationTypeName": "punctuation",
          "Text": "(",
          "MarkerTagType": null,
          "Style": 0,
          "_vs_type": "ClassifiedTextRun"
        },
        {
          "ClassificationTypeName": "text",
          "Text": "alias",
          "MarkerTagType": null,
          "Style": 0,
          "_vs_type": "ClassifiedTextRun"
        },
        {
          "ClassificationTypeName": "punctuation",
          "Text": ") ",
          "MarkerTagType": null,
          "Style": 0,
          "_vs_type": "ClassifiedTextRun"
        },
        {
          "ClassificationTypeName": "keyword",
          "Text": "class ",
          "MarkerTagType": null,
          "Style": 0,
          "_vs_type": "ClassifiedTextRun"
        },
        {
          "ClassificationTypeName": "class name",
          "Text": "Class",
          "MarkerTagType": null,
          "Style": 0,
          "_vs_type": "ClassifiedTextRun"
        }
      ],
      "_vs_type": "ClassifiedTextElement"
    },
    "_vs_projectName": "/dev/null/inferred",
    "_vs_containingType": ""
  }
]