// === vsFindAllReferences ===
[
  {
    "_vs_id": 0,
    "_vs_definitionId": 5,
    "_vs_kind": [
      3
    ],
    "_vs_location": {
      "uri": "file:///project/src/bal.tsx",
      "range": {
        "start": {
          "line": 0,
          "character": 0
        },
        "end": {
          "line": 0,
          "character": 0
        }
      }
    },
    "_vs_projectName": "/project/tsconfig.json"
  },
  {
    "_vs_id": 1,
    "_vs_definitionId": 5,
    "_vs_kind": [
      3
    ],
    "_vs_location": {
      "uri": "file:///project/src/bam.tsx",
      "range": {
        "start": {
          "line": 0,
          "character": 15
        },
        "end": {
          "line": 0,
          "character": 31
        }
      }
    },
    "_vs_projectName": "/project/tsconfig.json"
  },
  {
    "_vs_id": 2,
    "_vs_definitionId": 5,
    "_vs_kind": [
      3
    ],
    "_vs_location": {
      "uri": "file:///project/src/bar.tsx",
      "range": {
        "start": {
          "line": 0,
          "character": 15
        },
        "end": {
          "line": 0,
          "character": 26
        }
      }
    },
    "_vs_projectName": "/project/tsconfig.json"
  },
  {
    "_vs_id": 3,
    "_vs_definitionId": 5,
    "_vs_kind": [
      3
    ],
    "_vs_location": {
      "uri": "file:///project/src/bat.tsx",
      "range": {
        "start": {
          "line": 0,
          "character": 0
        },
        "end": {
          "line": 0,
          "character": 19
        }
      }
    },
    "_vs_projectName": "/project/tsconfig.json"
  },
  {
    "_vs_id": 4,
    "_vs_definitionId": 5,
    "_vs_kind": [
      3
    ],
    "_vs_location": {
      "uri": "file:///project/src/baz.tsx",
      "range": {
        "start": {
          "line": 0,
          "character": 15
        },
        "end": {
          "line": 0,
          "character": 20
        }
      }
    },
    "_vs_projectName": "/project/tsconfig.json"
  },
  {
    "_vs_id": 5,
    "_vs_kind": [
      17
    ],
    "_vs_location": {
      "uri": "file:///project/src/dir/jsx-runtime.ts",
      "range": {
        "start": {
          "line": 0,
          "character": 0
        },
        "end": {
          "line": 0,
          "character": 9
        }
      }
    },
    "_vs_definitionText": {
      "Runs": [
        {
          "ClassificationTypeName": "keyword",
          "Text": "module ",
          "MarkerTagType": null,
          "Style": 0,
          "_vs_type": "ClassifiedTextRun"
        },
        {
          "ClassificationTypeName": "module name",
          "Text": "\"@foo/dir/jsx-runtime\"",
          "MarkerTagType": null,
          "Style": 0,
          "_vs_type": "ClassifiedTextRun"
        }
      ],
      "_vs_type": "ClassifiedTextElement"
    },
    "_vs_projectName": "/project/tsconfig.json",
    "_vs_containingType": ""
  },
  {
    "_vs_id": 6,
    "_vs_definitionId": 5,
    "_vs_kind": [
      3
    ],
    "_vs_location": {
      "uri": "file:///project/src/foo.ts",
      "range": {
        "start": {
          "line": 0,
          "character": 20
        },
        "end": {
          "line": 0,
          "character": 40
        }
      }
    },
    "_vs_projectName": "/project/tsconfig.json"
  }
]