// === vsFindAllReferences ===
[
  {
    "_vs_id": 0,
    "_vs_kind": [
      17
    ],
    "_vs_location": {
      "uri": "file:///referencesForAmbientsVS.ts",
      "range": {
        "start": {
          "line": 0,
          "character": 16
        },
        "end": {
          "line": 0,
          "character": 19
        }
      }
    },
    "_vs_definitionText": {
      "Runs": [
        {
          "ClassificationTypeName": "keyword",
          "Text": "module ",
          "MarkerTagType": null,
          "Style": 0,
          "_vs_type": "ClassifiedTextRun"
        },
        {
          "ClassificationTypeName": "module name",
          "Text": "\"foo\"",
          "MarkerTagType": null,
          "Style": 0,
          "_vs_type": "ClassifiedTextRun"
        }
      ],
      "_vs_type": "ClassifiedTextElement"
    },
    "_vs_projectName": "/dev/null/inferred",
    "_vs_containingType": ""
  },
  {
    "_vs_id": 1,
    "_vs_definitionId": 0,
    "_vs_kind": [
      3
    ],
    "_vs_location": {
      "uri": "file:///referencesForAmbientsVS.ts",
      "range": {
        "start": {
          "line": 5,
          "character": 33
        },
        "end": {
          "line": 5,
          "character": 36
        }
      }
    },
    "_vs_projectName": "/dev/null/inferred"
  }
]



// === vsFindAllReferences ===
[
  {
    "_vs_id": 0,
    "_vs_kind": [
      17
    ],
    "_vs_location": {
      "uri": "file:///referencesForAmbientsVS.ts",
      "range": {
        "start": {
          "line": 0,
          "character": 16
        },
        "end": {
          "line": 0,
          "character": 19
        }
      }
    },
    "_vs_definitionText": {
      "Runs": [
        {
          "ClassificationTypeName": "keyword",
          "Text": "module ",
          "MarkerTagType": null,
          "Style": 0,
          "_vs_type": "ClassifiedTextRun"
        },
        {
          "ClassificationTypeName": "module name",
          "Text": "\"foo\"",
          "MarkerTagType": null,
          "Style": 0,
          "_vs_type": "ClassifiedTextRun"
        }
      ],
      "_vs_type": "ClassifiedTextElement"
    },
    "_vs_projectName": "/dev/null/inferred",
    "_vs_containingType": ""
  },
  {
    "_vs_id": 1,
    "_vs_definitionId": 0,
    "_vs_kind": [
      3
    ],
    "_vs_location": {
      "uri": "file:///referencesForAmbientsVS.ts",
      "range": {
        "start": {
          "line": 5,
          "character": 33
        },
        "end": {
          "line": 5,
          "character": 36
        }
      }
    },
    "_vs_projectName": "/dev/null/inferred"
  }
]



// === vsFindAllReferences ===
[
  {
    "_vs_id": 0,
    "_vs_kind": [
      17
    ],
    "_vs_location": {
      "uri": "file:///referencesForAmbientsVS.ts",
      "range": {
        "start": {
          "line": 1,
          "character": 8
        },
        "end": {
          "line": 1,
          "character": 9
        }
      }
    },
    "_vs_definitionText": {
      "Runs": [
        {
          "ClassificationTypeName": "keyword",
          "Text": "var ",
          "MarkerTagType": null,
          "Style": 0,
          "_vs_type": "ClassifiedTextRun"
        },
        {
          "ClassificationTypeName": "local name",
          "Text": "f",
          "MarkerTagType": null,
          "Style": 0,
          "_vs_type": "ClassifiedTextRun"
        },
        {
          "ClassificationTypeName": "punctuation",
          "Text": ": ",
          "MarkerTagType": null,
          "Style": 0,
          "_vs_type": "ClassifiedTextRun"
        },
        {
          "ClassificationTypeName": "keyword",
          "Text": "number",
          "MarkerTagType": null,
          "Style": 0,
          "_vs_type": "ClassifiedTextRun"
        }
      ],
      "_vs_type": "ClassifiedTextElement"
    },
    "_vs_projectName": "/dev/null/inferred",
    "_vs_containingType": ""
  },
  {
    "_vs_id": 1,
    "_vs_definitionId": 0,
    "_vs_kind": [
      3
    ],
    "_vs_location": {
      "uri": "file:///referencesForAmbientsVS.ts",
      "range": {
        "start": {
          "line": 6,
          "character": 23
        },
        "end": {
          "line": 6,
          "character": 24
        }
      }
    },
    "_vs_projectName": "/dev/null/inferred"
  }
]



// === vsFindAllReferences ===
[
  {
    "_vs_id": 0,
    "_vs_kind": [
      17
    ],
    "_vs_location": {
      "uri": "file:///referencesForAmbientsVS.ts",
      "range": {
        "start": {
          "line": 1,
          "character": 8
        },
        "end": {
          "line": 1,
          "character": 9
        }
      }
    },
    "_vs_definitionText": {
      "Runs": [
        {
          "ClassificationTypeName": "keyword",
          "Text": "var ",
          "MarkerTagType": null,
          "Style": 0,
          "_vs_type": "ClassifiedTextRun"
        },
        {
          "ClassificationTypeName": "local name",
          "Text": "f",
          "MarkerTagType": null,
          "Style": 0,
          "_vs_type": "ClassifiedTextRun"
        },
        {
          "ClassificationTypeName": "punctuation",
          "Text": ": ",
          "MarkerTagType": null,
          "Style": 0,
          "_vs_type": "ClassifiedTextRun"
        },
        {
          "ClassificationTypeName": "keyword",
          "Text": "number",
          "MarkerTagType": null,
          "Style": 0,
          "_vs_type": "ClassifiedTextRun"
        }
      ],
      "_vs_type": "ClassifiedTextElement"
    },
    "_vs_projectName": "/dev/null/inferred",
    "_vs_containingType": ""
  },
  {
    "_vs_id": 1,
    "_vs_definitionId": 0,
    "_vs_kind": [
      3
    ],
    "_vs_location": {
      "uri": "file:///referencesForAmbientsVS.ts",
      "range": {
        "start": {
          "line": 6,
          "character": 23
        },
        "end": {
          "line": 6,
          "character": 24
        }
      }
    },
    "_vs_projectName": "/dev/null/inferred"
  }
]



// === vsFindAllReferences ===
[
  {
    "_vs_id": 0,
    "_vs_kind": [
      17
    ],
    "_vs_location": {
      "uri": "file:///referencesForAmbientsVS.ts",
      "range": {
        "start": {
          "line": 4,
          "character": 16
        },
        "end": {
          "line": 4,
          "character": 19
        }
      }
    },
    "_vs_definitionText": {
      "Runs": [
        {
          "ClassificationTypeName": "keyword",
          "Text": "module ",
          "MarkerTagType": null,
          "Style": 0,
          "_vs_type": "ClassifiedTextRun"
        },
        {
          "ClassificationTypeName": "module name",
          "Text": "\"bar\"",
          "MarkerTagType": null,
          "Style": 0,
          "_vs_type": "ClassifiedTextRun"
        }
      ],
      "_vs_type": "ClassifiedTextElement"
    },
    "_vs_projectName": "/dev/null/inferred",
    "_vs_containingType": ""
  },
  {
    "_vs_id": 1,
    "_vs_definitionId": 0,
    "_vs_kind": [
      3
    ],
    "_vs_location": {
      "uri": "file:///referencesForAmbientsVS.ts",
      "range": {
        "start": {
          "line": 10,
          "character": 26
        },
        "end": {
          "line": 10,
          "character": 29
        }
      }
    },
    "_vs_projectName": "/dev/null/inferred"
  }
]



// === vsFindAllReferences ===
[
  {
    "_vs_id": 0,
    "_vs_kind": [
      17
    ],
    "_vs_location": {
      "uri": "file:///referencesForAmbientsVS.ts",
      "range": {
        "start": {
          "line": 4,
          "character": 16
        },
        "end": {
          "line": 4,
          "character": 19
        }
      }
    },
    "_vs_definitionText": {
      "Runs": [
        {
          "ClassificationTypeName": "keyword",
          "Text": "module ",
          "MarkerTagType": null,
          "Style": 0,
          "_vs_type": "ClassifiedTextRun"
        },
        {
          "ClassificationTypeName": "module name",
          "Text": "\"bar\"",
          "MarkerTagType": null,
          "Style": 0,
          "_vs_type": "ClassifiedTextRun"
        }
      ],
      "_vs_type": "ClassifiedTextElement"
    },
    "_vs_projectName": "/dev/null/inferred",
    "_vs_containingType": ""
  },
  {
    "_vs_id": 1,
    "_vs_definitionId": 0,
    "_vs_kind": [
      3
    ],
    "_vs_location": {
      "uri": "file:///referencesForAmbientsVS.ts",
      "range": {
        "start": {
          "line": 10,
          "character": 26
        },
        "end": {
          "line": 10,
          "character": 29
        }
      }
    },
    "_vs_projectName": "/dev/null/inferred"
  }
]



// === vsFindAllReferences ===
[
  {
    "_vs_id": 0,
    "_vs_kind": [
      17
    ],
    "_vs_location": {
      "uri": "file:///referencesForAmbientsVS.ts",
      "range": {
        "start": {
          "line": 5,
          "character": 18
        },
        "end": {
          "line": 5,
          "character": 21
        }
      }
    },
    "_vs_definitionText": {
      "Runs": [
        {
          "ClassificationTypeName": "punctuation",
          "Text": "(",
          "MarkerTagType": null,
          "Style": 0,
          "_vs_type": "ClassifiedTextRun"
        },
        {
          "ClassificationTypeName": "text",
          "Text": "alias",
          "MarkerTagType": null,
          "Style": 0,
          "_vs_type": "ClassifiedTextRun"
        },
        {
          "ClassificationTypeName": "punctuation",
          "Text": ") ",
          "MarkerTagType": null,
          "Style": 0,
          "_vs_type": "ClassifiedTextRun"
        },
        {
          "ClassificationTypeName": "keyword",
          "Text": "module ",
          "MarkerTagType": null,
          "Style": 0,
          "_vs_type": "ClassifiedTextRun"
        },
        {
          "ClassificationTypeName": "module name",
          "Text": "foo",
          "MarkerTagType": null,
          "Style": 0,
          "_vs_type": "ClassifiedTextRun"
        }
      ],
      "_vs_type": "ClassifiedTextElement"
    },
    "_vs_projectName": "/dev/null/inferred",
    "_vs_containingType": ""
  },
  {
    "_vs_id": 1,
    "_vs_definitionId": 0,
    "_vs_kind": [
      3
    ],
    "_vs_location": {
      "uri": "file:///referencesForAmbientsVS.ts",
      "range": {
        "start": {
          "line": 6,
          "character": 19
        },
        "end": {
          "line": 6,
          "character": 22
        }
      }
    },
    "_vs_projectName": "/dev/null/inferred"
  },
  {
    "_vs_id": 2,
    "_vs_definitionId": 0,
    "_vs_kind": [
      3
    ],
    "_vs_location": {
      "uri": "file:///referencesForAmbientsVS.ts",
      "range": {
        "start": {
          "line": 11,
          "character": 23
        },
        "end": {
          "line": 11,
          "character": 26
        }
      }
    },
    "_vs_projectName": "/dev/null/inferred"
  }
]



// === vsFindAllReferences ===
[
  {
    "_vs_id": 0,
    "_vs_kind": [
      17
    ],
    "_vs_location": {
      "uri": "file:///referencesForAmbientsVS.ts",
      "range": {
        "start": {
          "line": 5,
          "character": 18
        },
        "end": {
          "line": 5,
          "character": 21
        }
      }
    },
    "_vs_definitionText": {
      "Runs": [
        {
          "ClassificationTypeName": "punctuation",
          "Text": "(",
          "MarkerTagType": null,
          "Style": 0,
          "_vs_type": "ClassifiedTextRun"
        },
        {
          "ClassificationTypeName": "text",
          "Text": "alias",
          "MarkerTagType": null,
          "Style": 0,
          "_vs_type": "ClassifiedTextRun"
        },
        {
          "ClassificationTypeName": "punctuation",
          "Text": ") ",
          "MarkerTagType": null,
          "Style": 0,
          "_vs_type": "ClassifiedTextRun"
        },
        {
          "ClassificationTypeName": "keyword",
          "Text": "module ",
          "MarkerTagType": null,
          "Style": 0,
          "_vs_type": "ClassifiedTextRun"
        },
        {
          "ClassificationTypeName": "module name",
          "Text": "foo",
          "MarkerTagType": null,
          "Style": 0,
          "_vs_type": "ClassifiedTextRun"
        }
      ],
      "_vs_type": "ClassifiedTextElement"
    },
    "_vs_projectName": "/dev/null/inferred",
    "_vs_containingType": ""
  },
  {
    "_vs_id": 1,
    "_vs_definitionId": 0,
    "_vs_kind": [
      3
    ],
    "_vs_location": {
      "uri": "file:///referencesForAmbientsVS.ts",
      "range": {
        "start": {
          "line": 6,
          "character": 19
        },
        "end": {
          "line": 6,
          "character": 22
        }
      }
    },
    "_vs_projectName": "/dev/null/inferred"
  },
  {
    "_vs_id": 2,
    "_vs_definitionId": 0,
    "_vs_kind": [
      3
    ],
    "_vs_location": {
      "uri": "file:///referencesForAmbientsVS.ts",
      "range": {
        "start": {
          "line": 11,
          "character": 23
        },
        "end": {
          "line": 11,
          "character": 26
        }
      }
    },
    "_vs_projectName": "/dev/null/inferred"
  }
]



// === vsFindAllReferences ===
[
  {
    "_vs_id": 0,
    "_vs_kind": [
      17
    ],
    "_vs_location": {
      "uri": "file:///referencesForAmbientsVS.ts",
      "range": {
        "start": {
          "line": 0,
          "character": 16
        },
        "end": {
          "line": 0,
          "character": 19
        }
      }
    },
    "_vs_definitionText": {
      "Runs": [
        {
          "ClassificationTypeName": "keyword",
          "Text": "module ",
          "MarkerTagType": null,
          "Style": 0,
          "_vs_type": "ClassifiedTextRun"
        },
        {
          "ClassificationTypeName": "module name",
          "Text": "foo",
          "MarkerTagType": null,
          "Style": 0,
          "_vs_type": "ClassifiedTextRun"
        }
      ],
      "_vs_type": "ClassifiedTextElement"
    },
    "_vs_projectName": "/dev/null/inferred",
    "_vs_containingType": ""
  },
  {
    "_vs_id": 1,
    "_vs_definitionId": 0,
    "_vs_kind": [
      3
    ],
    "_vs_location": {
      "uri": "file:///referencesForAmbientsVS.ts",
      "range": {
        "start": {
          "line": 5,
          "character": 33
        },
        "end": {
          "line": 5,
          "character": 36
        }
      }
    },
    "_vs_projectName": "/dev/null/inferred"
  }
]



// === vsFindAllReferences ===
[
  {
    "_vs_id": 0,
    "_vs_kind": [
      17
    ],
    "_vs_location": {
      "uri": "file:///referencesForAmbientsVS.ts",
      "range": {
        "start": {
          "line": 5,
          "character": 18
        },
        "end": {
          "line": 5,
          "character": 21
        }
      }
    },
    "_vs_definitionText": {
      "Runs": [
        {
          "ClassificationTypeName": "punctuation",
          "Text": "(",
          "MarkerTagType": null,
          "Style": 0,
          "_vs_type": "ClassifiedTextRun"
        },
        {
          "ClassificationTypeName": "text",
          "Text": "alias",
          "MarkerTagType": null,
          "Style": 0,
          "_vs_type": "ClassifiedTextRun"
        },
        {
          "ClassificationTypeName": "punctuation",
          "Text": ") ",
          "MarkerTagType": null,
          "Style": 0,
          "_vs_type": "ClassifiedTextRun"
        },
        {
          "ClassificationTypeName": "keyword",
          "Text": "module ",
          "MarkerTagType": null,
          "Style": 0,
          "_vs_type": "ClassifiedTextRun"
        },
        {
          "ClassificationTypeName": "module name",
          "Text": "foo",
          "MarkerTagType": null,
          "Style": 0,
          "_vs_type": "ClassifiedTextRun"
        }
      ],
      "_vs_type": "ClassifiedTextElement"
    },
    "_vs_projectName": "/dev/null/inferred",
    "_vs_containingType": ""
  },
  {
    "_vs_id": 1,
    "_vs_definitionId": 0,
    "_vs_kind": [
      3
    ],
    "_vs_location": {
      "uri": "file:///referencesForAmbientsVS.ts",
      "range": {
        "start": {
          "line": 6,
          "character": 19
        },
        "end": {
          "line": 6,
          "character": 22
        }
      }
    },
    "_vs_projectName": "/dev/null/inferred"
  },
  {
    "_vs_id": 2,
    "_vs_definitionId": 0,
    "_vs_kind": [
      3
    ],
    "_vs_location": {
      "uri": "file:///referencesForAmbientsVS.ts",
      "range": {
        "start": {
          "line": 11,
          "character": 23
        },
        "end": {
          "line": 11,
          "character": 26
        }
      }
    },
    "_vs_projectName": "/dev/null/inferred"
  }
]



// === vsFindAllReferences ===
[
  {
    "_vs_id": 0,
    "_vs_kind": [
      17
    ],
    "_vs_location": {
      "uri": "file:///referencesForAmbientsVS.ts",
      "range": {
        "start": {
          "line": 1,
          "character": 8
        },
        "end": {
          "line": 1,
          "character": 9
        }
      }
    },
    "_vs_definitionText": {
      "Runs": [
        {
          "ClassificationTypeName": "keyword",
          "Text": "var ",
          "MarkerTagType": null,
          "Style": 0,
          "_vs_type": "ClassifiedTextRun"
        },
        {
          "ClassificationTypeName": "local name",
          "Text": "foo.f",
          "MarkerTagType": null,
          "Style": 0,
          "_vs_type": "ClassifiedTextRun"
        },
        {
          "ClassificationTypeName": "punctuation",
          "Text": ": ",
          "MarkerTagType": null,
          "Style": 0,
          "_vs_type": "ClassifiedTextRun"
        },
        {
          "ClassificationTypeName": "keyword",
          "Text": "number",
          "MarkerTagType": null,
          "Style": 0,
          "_vs_type": "ClassifiedTextRun"
        }
      ],
      "_vs_type": "ClassifiedTextElement"
    },
    "_vs_projectName": "/dev/null/inferred",
    "_vs_containingType": ""
  },
  {
    "_vs_id": 1,
    "_vs_definitionId": 0,
    "_vs_kind": [
      3
    ],
    "_vs_location": {
      "uri": "file:///referencesForAmbientsVS.ts",
      "range": {
        "start": {
          "line": 6,
          "character": 23
        },
        "end": {
          "line": 6,
          "character": 24
        }
      }
    },
    "_vs_projectName": "/dev/null/inferred"
  }
]



// === vsFindAllReferences ===
[
  {
    "_vs_id": 0,
    "_vs_kind": [
      17
    ],
    "_vs_location": {
      "uri": "file:///referencesForAmbientsVS.ts",
      "range": {
        "start": {
          "line": 10,
          "character": 11
        },
        "end": {
          "line": 10,
          "character": 14
        }
      }
    },
    "_vs_definitionText": {
      "Runs": [
        {
          "ClassificationTypeName": "punctuation",
          "Text": "(",
          "MarkerTagType": null,
          "Style": 0,
          "_vs_type": "ClassifiedTextRun"
        },
        {
          "ClassificationTypeName": "text",
          "Text": "alias",
          "MarkerTagType": null,
          "Style": 0,
          "_vs_type": "ClassifiedTextRun"
        },
        {
          "ClassificationTypeName": "punctuation",
          "Text": ") ",
          "MarkerTagType": null,
          "Style": 0,
          "_vs_type": "ClassifiedTextRun"
        },
        {
          "ClassificationTypeName": "keyword",
          "Text": "module ",
          "MarkerTagType": null,
          "Style": 0,
          "_vs_type": "ClassifiedTextRun"
        },
        {
          "ClassificationTypeName": "module name",
          "Text": "bar",
          "MarkerTagType": null,
          "Style": 0,
          "_vs_type": "ClassifiedTextRun"
        }
      ],
      "_vs_type": "ClassifiedTextElement"
    },
    "_vs_projectName": "/dev/null/inferred",
    "_vs_containingType": ""
  },
  {
    "_vs_id": 1,
    "_vs_definitionId": 0,
    "_vs_kind": [
      3
    ],
    "_vs_location": {
      "uri": "file:///referencesForAmbientsVS.ts",
      "range": {
        "start": {
          "line": 11,
          "character": 19
        },
        "end": {
          "line": 11,
          "character": 22
        }
      }
    },
    "_vs_projectName": "/dev/null/inferred"
  }
]



// === vsFindAllReferences ===
[
  {
    "_vs_id": 0,
    "_vs_kind": [
      17
    ],
    "_vs_location": {
      "uri": "file:///referencesForAmbientsVS.ts",
      "range": {
        "start": {
          "line": 4,
          "character": 16
        },
        "end": {
          "line": 4,
          "character": 19
        }
      }
    },
    "_vs_definitionText": {
      "Runs": [
        {
          "ClassificationTypeName": "keyword",
          "Text": "module ",
          "MarkerTagType": null,
          "Style": 0,
          "_vs_type": "ClassifiedTextRun"
        },
        {
          "ClassificationTypeName": "module name",
          "Text": "bar",
          "MarkerTagType": null,
          "Style": 0,
          "_vs_type": "ClassifiedTextRun"
        }
      ],
      "_vs_type": "ClassifiedTextElement"
    },
    "_vs_projectName": "/dev/null/inferred",
    "_vs_containingType": ""
  },
  {
    "_vs_id": 1,
    "_vs_definitionId": 0,
    "_vs_kind": [
      3
    ],
    "_vs_location": {
      "uri": "file:///referencesForAmbientsVS.ts",
      "range": {
        "start": {
          "line": 10,
          "character": 26
        },
        "end": {
          "line": 10,
          "character": 29
        }
      }
    },
    "_vs_projectName": "/dev/null/inferred"
  }
]



// === vsFindAllReferences ===
[
  {
    "_vs_id": 0,
    "_vs_kind": [
      17
    ],
    "_vs_location": {
      "uri": "file:///referencesForAmbientsVS.ts",
      "range": {
        "start": {
          "line": 5,
          "character": 18
        },
        "end": {
          "line": 5,
          "character": 21
        }
      }
    },
    "_vs_definitionText": {
      "Runs": [
        {
          "ClassificationTypeName": "punctuation",
          "Text": "(",
          "MarkerTagType": null,
          "Style": 0,
          "_vs_type": "ClassifiedTextRun"
        },
        {
          "ClassificationTypeName": "text",
          "Text": "alias",
          "MarkerTagType": null,
          "Style": 0,
          "_vs_type": "ClassifiedTextRun"
        },
        {
          "ClassificationTypeName": "punctuation",
          "Text": ") ",
          "MarkerTagType": null,
          "Style": 0,
          "_vs_type": "ClassifiedTextRun"
        },
        {
          "ClassificationTypeName": "keyword",
          "Text": "module ",
          "MarkerTagType": null,
          "Style": 0,
          "_vs_type": "ClassifiedTextRun"
        },
        {
          "ClassificationTypeName": "module name",
          "Text": "bar.foo",
          "MarkerTagType": null,
          "Style": 0,
          "_vs_type": "ClassifiedTextRun"
        }
      ],
      "_vs_type": "ClassifiedTextElement"
    },
    "_vs_projectName": "/dev/null/inferred",
    "_vs_containingType": ""
  },
  {
    "_vs_id": 1,
    "_vs_definitionId": 0,
    "_vs_kind": [
      3
    ],
    "_vs_location": {
      "uri": "file:///referencesForAmbientsVS.ts",
      "range": {
        "start": {
          "line": 6,
          "character": 19
        },
        "end": {
          "line": 6,
          "character": 22
        }
      }
    },
    "_vs_projectName": "/dev/null/inferred"
  },
  {
    "_vs_id": 2,
    "_vs_definitionId": 0,
    "_vs_kind": [
      3
    ],
    "_vs_location": {
      "uri": "file:///referencesForAmbientsVS.ts",
      "range": {
        "start": {
          "line": 11,
          "character": 23
        },
        "end": {
          "line": 11,
          "character": 26
        }
      }
    },
    "_vs_projectName": "/dev/null/inferred"
  }
]