// === vsFindAllReferences ===
[
  {
    "_vs_id": 0,
    "_vs_kind": [
      17
    ],
    "_vs_location": {
      "uri": "file:///referencesForClassParameterVS.ts",
      "range": {
        "start": {
          "line": 5,
          "character": 24
        },
        "end": {
          "line": 5,
          "character": 25
        }
      }
    },
    "_vs_definitionText": {
      "Runs": [
        {
          "ClassificationTypeName": "punctuation",
          "Text": "(",
          "MarkerTagType": null,
          "Style": 0,
          "_vs_type": "ClassifiedTextRun"
        },
        {
          "ClassificationTypeName": "text",
          "Text": "property",
          "MarkerTagType": null,
          "Style": 0,
          "_vs_type": "ClassifiedTextRun"
        },
        {
          "ClassificationTypeName": "punctuation",
          "Text": ") ",
          "MarkerTagType": null,
          "Style": 0,
          "_vs_type": "ClassifiedTextRun"
        },
        {
          "ClassificationTypeName": "property name",
          "Text": "foo.p",
          "MarkerTagType": null,
          "Style": 0,
          "_vs_type": "ClassifiedTextRun"
        },
        {
          "ClassificationTypeName": "punctuation",
          "Text": ": ",
          "MarkerTagType": null,
          "Style": 0,
          "_vs_type": "ClassifiedTextRun"
        },
        {
          "ClassificationTypeName": "keyword",
          "Text": "any",
          "MarkerTagType": null,
          "Style": 0,
          "_vs_type": "ClassifiedTextRun"
        }
      ],
      "_vs_type": "ClassifiedTextElement"
    },
    "_vs_projectName": "/dev/null/inferred",
    "_vs_containingType": ""
  },
  {
    "_vs_id": 1,
    "_vs_definitionId": 0,
    "_vs_kind": [
      4
    ],
    "_vs_location": {
      "uri": "file:///referencesForClassParameterVS.ts",
      "range": {
        "start": {
          "line": 9,
          "character": 13
        },
        "end": {
          "line": 9,
          "character": 14
        }
      }
    },
    "_vs_projectName": "/dev/null/inferred"
  },
  {
    "_vs_id": 2,
    "_vs_definitionId": 0,
    "_vs_kind": [
      4
    ],
    "_vs_location": {
      "uri": "file:///referencesForClassParameterVS.ts",
      "range": {
        "start": {
          "line": 15,
          "character": 2
        },
        "end": {
          "line": 15,
          "character": 3
        }
      }
    },
    "_vs_projectName": "/dev/null/inferred"
  }
]



// === vsFindAllReferences ===
[
  {
    "_vs_id": 0,
    "_vs_kind": [
      17
    ],
    "_vs_location": {
      "uri": "file:///referencesForClassParameterVS.ts",
      "range": {
        "start": {
          "line": 5,
          "character": 24
        },
        "end": {
          "line": 5,
          "character": 25
        }
      }
    },
    "_vs_definitionText": {
      "Runs": [
        {
          "ClassificationTypeName": "punctuation",
          "Text": "(",
          "MarkerTagType": null,
          "Style": 0,
          "_vs_type": "ClassifiedTextRun"
        },
        {
          "ClassificationTypeName": "text",
          "Text": "property",
          "MarkerTagType": null,
          "Style": 0,
          "_vs_type": "ClassifiedTextRun"
        },
        {
          "ClassificationTypeName": "punctuation",
          "Text": ") ",
          "MarkerTagType": null,
          "Style": 0,
          "_vs_type": "ClassifiedTextRun"
        },
        {
          "ClassificationTypeName": "property name",
          "Text": "foo.p",
          "MarkerTagType": null,
          "Style": 0,
          "_vs_type": "ClassifiedTextRun"
        },
        {
          "ClassificationTypeName": "punctuation",
          "Text": ": ",
          "MarkerTagType": null,
          "Style": 0,
          "_vs_type": "ClassifiedTextRun"
        },
        {
          "ClassificationTypeName": "keyword",
          "Text": "any",
          "MarkerTagType": null,
          "Style": 0,
          "_vs_type": "ClassifiedTextRun"
        }
      ],
      "_vs_type": "ClassifiedTextElement"
    },
    "_vs_projectName": "/dev/null/inferred",
    "_vs_containingType": ""
  },
  {
    "_vs_id": 1,
    "_vs_definitionId": 0,
    "_vs_kind": [
      4
    ],
    "_vs_location": {
      "uri": "file:///referencesForClassParameterVS.ts",
      "range": {
        "start": {
          "line": 9,
          "character": 13
        },
        "end": {
          "line": 9,
          "character": 14
        }
      }
    },
    "_vs_projectName": "/dev/null/inferred"
  },
  {
    "_vs_id": 2,
    "_vs_definitionId": 0,
    "_vs_kind": [
      4
    ],
    "_vs_location": {
      "uri": "file:///referencesForClassParameterVS.ts",
      "range": {
        "start": {
          "line": 15,
          "character": 2
        },
        "end": {
          "line": 15,
          "character": 3
        }
      }
    },
    "_vs_projectName": "/dev/null/inferred"
  }
]



// === vsFindAllReferences ===
[
  {
    "_vs_id": 0,
    "_vs_kind": [
      17
    ],
    "_vs_location": {
      "uri": "file:///referencesForClassParameterVS.ts",
      "range": {
        "start": {
          "line": 5,
          "character": 24
        },
        "end": {
          "line": 5,
          "character": 25
        }
      }
    },
    "_vs_definitionText": {
      "Runs": [
        {
          "ClassificationTypeName": "punctuation",
          "Text": "(",
          "MarkerTagType": null,
          "Style": 0,
          "_vs_type": "ClassifiedTextRun"
        },
        {
          "ClassificationTypeName": "text",
          "Text": "property",
          "MarkerTagType": null,
          "Style": 0,
          "_vs_type": "ClassifiedTextRun"
        },
        {
          "ClassificationTypeName": "punctuation",
          "Text": ") ",
          "MarkerTagType": null,
          "Style": 0,
          "_vs_type": "ClassifiedTextRun"
        },
        {
          "ClassificationTypeName": "property name",
          "Text": "foo.p",
          "MarkerTagType": null,
          "Style": 0,
          "_vs_type": "ClassifiedTextRun"
        },
        {
          "ClassificationTypeName": "punctuation",
          "Text": ": ",
          "MarkerTagType": null,
          "Style": 0,
          "_vs_type": "ClassifiedTextRun"
        },
        {
          "ClassificationTypeName": "keyword",
          "Text": "any",
          "MarkerTagType": null,
          "Style": 0,
          "_vs_type": "ClassifiedTextRun"
        }
      ],
      "_vs_type": "ClassifiedTextElement"
    },
    "_vs_projectName": "/dev/null/inferred",
    "_vs_containingType": ""
  },
  {
    "_vs_id": 1,
    "_vs_definitionId": 0,
    "_vs_kind": [
      4
    ],
    "_vs_location": {
      "uri": "file:///referencesForClassParameterVS.ts",
      "range": {
        "start": {
          "line": 9,
          "character": 13
        },
        "end": {
          "line": 9,
          "character": 14
        }
      }
    },
    "_vs_projectName": "/dev/null/inferred"
  },
  {
    "_vs_id": 2,
    "_vs_definitionId": 0,
    "_vs_kind": [
      4
    ],
    "_vs_location": {
      "uri": "file:///referencesForClassParameterVS.ts",
      "range": {
        "start": {
          "line": 15,
          "character": 2
        },
        "end": {
          "line": 15,
          "character": 3
        }
      }
    },
    "_vs_projectName": "/dev/null/inferred"
  }
]



// === vsFindAllReferences ===
[
  {
    "_vs_id": 0,
    "_vs_kind": [
      17
    ],
    "_vs_location": {
      "uri": "file:///referencesForClassParameterVS.ts",
      "range": {
        "start": {
          "line": 5,
          "character": 24
        },
        "end": {
          "line": 5,
          "character": 25
        }
      }
    },
    "_vs_definitionText": {
      "Runs": [
        {
          "ClassificationTypeName": "punctuation",
          "Text": "(",
          "MarkerTagType": null,
          "Style": 0,
          "_vs_type": "ClassifiedTextRun"
        },
        {
          "ClassificationTypeName": "text",
          "Text": "property",
          "MarkerTagType": null,
          "Style": 0,
          "_vs_type": "ClassifiedTextRun"
        },
        {
          "ClassificationTypeName": "punctuation",
          "Text": ") ",
          "MarkerTagType": null,
          "Style": 0,
          "_vs_type": "ClassifiedTextRun"
        },
        {
          "ClassificationTypeName": "property name",
          "Text": "foo.p",
          "MarkerTagType": null,
          "Style": 0,
          "_vs_type": "ClassifiedTextRun"
        },
        {
          "ClassificationTypeName": "punctuation",
          "Text": ": ",
          "MarkerTagType": null,
          "Style": 0,
          "_vs_type": "ClassifiedTextRun"
        },
        {
          "ClassificationTypeName": "keyword",
          "Text": "any",
          "MarkerTagType": null,
          "Style": 0,
          "_vs_type": "ClassifiedTextRun"
        }
      ],
      "_vs_type": "ClassifiedTextElement"
    },
    "_vs_projectName": "/dev/null/inferred",
    "_vs_containingType": ""
  },
  {
    "_vs_id": 1,
    "_vs_definitionId": 0,
    "_vs_kind": [
      4
    ],
    "_vs_location": {
      "uri": "file:///referencesForClassParameterVS.ts",
      "range": {
        "start": {
          "line": 9,
          "character": 13
        },
        "end": {
          "line": 9,
          "character": 14
        }
      }
    },
    "_vs_projectName": "/dev/null/inferred"
  },
  {
    "_vs_id": 2,
    "_vs_definitionId": 0,
    "_vs_kind": [
      4
    ],
    "_vs_location": {
      "uri": "file:///referencesForClassParameterVS.ts",
      "range": {
        "start": {
          "line": 15,
          "character": 2
        },
        "end": {
          "line": 15,
          "character": 3
        }
      }
    },
    "_vs_projectName": "/dev/null/inferred"
  }
]