// === vsFindAllReferences ===
[
  {
    "_vs_id": 0,
    "_vs_kind": [
      17
    ],
    "_vs_location": {
      "uri": "file:///file.tsx",
      "range": {
        "start": {
          "line": 8,
          "character": 4
        },
        "end": {
          "line": 8,
          "character": 8
        }
      }
    },
    "_vs_definitionText": {
      "Runs": [
        {
          "ClassificationTypeName": "punctuation",
          "Text": "(",
          "MarkerTagType": null,
          "Style": 0,
          "_vs_type": "ClassifiedTextRun"
        },
        {
          "ClassificationTypeName": "text",
          "Text": "property",
          "MarkerTagType": null,
          "Style": 0,
          "_vs_type": "ClassifiedTextRun"
        },
        {
          "ClassificationTypeName": "punctuation",
          "Text": ") ",
          "MarkerTagType": null,
          "Style": 0,
          "_vs_type": "ClassifiedTextRun"
        },
        {
          "ClassificationTypeName": "property name",
          "Text": "name",
          "MarkerTagType": null,
          "Style": 0,
          "_vs_type": "ClassifiedTextRun"
        },
        {
          "ClassificationTypeName": "punctuation",
          "Text": "?",
          "MarkerTagType": null,
          "Style": 0,
          "_vs_type": "ClassifiedTextRun"
        },
        {
          "ClassificationTypeName": "punctuation",
          "Text": ": ",
          "MarkerTagType": null,
          "Style": 0,
          "_vs_type": "ClassifiedTextRun"
        },
        {
          "ClassificationTypeName": "keyword",
          "Text": "string",
          "MarkerTagType": null,
          "Style": 0,
          "_vs_type": "ClassifiedTextRun"
        },
        {
          "ClassificationTypeName": "whitespace",
          "Text": " ",
          "MarkerTagType": null,
          "Style": 0,
          "_vs_type": "ClassifiedTextRun"
        },
        {
          "ClassificationTypeName": "punctuation",
          "Text": "|",
          "MarkerTagType": null,
          "Style": 0,
          "_vs_type": "ClassifiedTextRun"
        },
        {
          "ClassificationTypeName": "whitespace",
          "Text": " ",
          "MarkerTagType": null,
          "Style": 0,
          "_vs_type": "ClassifiedTextRun"
        },
        {
          "ClassificationTypeName": "keyword",
          "Text": "undefined",
          "MarkerTagType": null,
          "Style": 0,
          "_vs_type": "ClassifiedTextRun"
        }
      ],
      "_vs_type": "ClassifiedTextElement"
    },
    "_vs_projectName": "/dev/null/inferred",
    "_vs_containingType": ""
  },
  {
    "_vs_id": 1,
    "_vs_definitionId": 0,
    "_vs_kind": [
      4
    ],
    "_vs_location": {
      "uri": "file:///file.tsx",
      "range": {
        "start": {
          "line": 13,
          "character": 17
        },
        "end": {
          "line": 13,
          "character": 21
        }
      }
    },
    "_vs_projectName": "/dev/null/inferred"
  }
]