// === SignatureHelp ===
=== /signatureHelpApplicableRangeBasic.ts ===
// let obj = {
//     foo(s: string): string {
//         return s;
//     }
// };
// 
// let s = obj.foo("Hello, world!")  
//        ^
// | ----------------------------------------------------------------------
// | No signaturehelp at /*a*/.
// | ----------------------------------------------------------------------
//         ^
// | ----------------------------------------------------------------------
// | No signaturehelp at /*b*/.
// | ----------------------------------------------------------------------
//            ^
// | ----------------------------------------------------------------------
// | No signaturehelp at /*c*/.
// | ----------------------------------------------------------------------
//             ^
// | ----------------------------------------------------------------------
// | No signaturehelp at /*d*/.
// | ----------------------------------------------------------------------
//                ^
// | ----------------------------------------------------------------------
// | No signaturehelp at /*e*/.
// | ----------------------------------------------------------------------
//                 ^
// | ----------------------------------------------------------------------
// | foo(**s: string**): string
// | ----------------------------------------------------------------------
//                                ^
// | ----------------------------------------------------------------------
// | foo(**s: string**): string
// | ----------------------------------------------------------------------
//                                 ^
// | ----------------------------------------------------------------------
// | No signaturehelp at /*3*/.
// | ----------------------------------------------------------------------
//   ;
//   ^
// | ----------------------------------------------------------------------
// | No signaturehelp at /*4*/.
// | ----------------------------------------------------------------------
[
  {
    "marker": {
      "Position": 76,
      "LSPosition": {
        "line": 6,
        "character": 7
      },
      "Name": "a",
      "Data": {}
    },
    "item": null
  },
  {
    "marker": {
      "Position": 77,
      "LSPosition": {
        "line": 6,
        "character": 8
      },
      "Name": "b",
      "Data": {}
    },
    "item": null
  },
  {
    "marker": {
      "Position": 80,
      "LSPosition": {
        "line": 6,
        "character": 11
      },
      "Name": "c",
      "Data": {}
    },
    "item": null
  },
  {
    "marker": {
      "Position": 81,
      "LSPosition": {
        "line": 6,
        "character": 12
      },
      "Name": "d",
      "Data": {}
    },
    "item": null
  },
  {
    "marker": {
      "Position": 84,
      "LSPosition": {
        "line": 6,
        "character": 15
      },
      "Name": "e",
      "Data": {}
    },
    "item": null
  },
  {
    "marker": {
      "Position": 85,
      "LSPosition": {
        "line": 6,
        "character": 16
      },
      "Name": "1",
      "Data": {}
    },
    "item": {
      "signatures": [
        {
          "label": "foo(s: string): string",
          "parameters": [
            {
              "label": "s: string"
            }
          ]
        }
      ],
      "activeSignature": 0,
      "activeParameter": 0
    }
  },
  {
    "marker": {
      "Position": 100,
      "LSPosition": {
        "line": 6,
        "character": 31
      },
      "Name": "2",
      "Data": {}
    },
    "item": {
      "signatures": [
        {
          "label": "foo(s: string): string",
          "parameters": [
            {
              "label": "s: string"
            }
          ]
        }
      ],
      "activeSignature": 0,
      "activeParameter": 0
    }
  },
  {
    "marker": {
      "Position": 101,
      "LSPosition": {
        "line": 6,
        "character": 32
      },
      "Name": "3",
      "Data": {}
    },
    "item": null
  },
  {
    "marker": {
      "Position": 106,
      "LSPosition": {
        "line": 7,
        "character": 2
      },
      "Name": "4",
      "Data": {}
    },
    "item": null
  }
]