// === Inlay Hints ===
foo2(1, 2);
     ^
{
  "position": {
    "line": 8,
    "character": 5
  },
  "label": "c:",
  "kind": 2,
  "paddingRight": true
}

foo2(1, 2);
        ^
{
  "position": {
    "line": 8,
    "character": 8
  },
  "label": "d:",
  "kind": 2,
  "paddingRight": true
}

foo3(1, 2);
     ^
{
  "position": {
    "line": 9,
    "character": 5
  },
  "label": "e:",
  "kind": 2,
  "paddingRight": true
}

foo3(1, 2);
        ^
{
  "position": {
    "line": 9,
    "character": 8
  },
  "label": "f:",
  "kind": 2,
  "paddingRight": true
}

foo4(1, 2);
     ^
{
  "position": {
    "line": 10,
    "character": 5
  },
  "label": "g:",
  "kind": 2,
  "paddingRight": true
}

foo4(1, 2);
        ^
{
  "position": {
    "line": 10,
    "character": 8
  },
  "label": "h:",
  "kind": 2,
  "paddingRight": true
}