// === Inlay Hints ===
fn(...foo, 3, 4);
   ^
{
  "position": {
    "line": 4,
    "character": 3
  },
  "label": "x:",
  "kind": 2,
  "paddingRight": true
}

fn(...foo, 3, 4);
           ^
{
  "position": {
    "line": 4,
    "character": 11
  },
  "label": "a:",
  "kind": 2,
  "paddingRight": true
}

fn(...foo, 3, 4);
              ^
{
  "position": {
    "line": 4,
    "character": 14
  },
  "label": "b:",
  "kind": 2,
  "paddingRight": true
}