// === Inlay Hints ===
const array = [1, 2]
           ^
{
  "position": {
    "line": 1,
    "character": 11
  },
  "label": ": number[]",
  "kind": 1,
  "paddingLeft": true
}

const a = object;
       ^
{
  "position": {
    "line": 2,
    "character": 7
  },
  "label": ": { foo: number; bar: number; }",
  "kind": 1,
  "paddingLeft": true
}

const b = array;
       ^
{
  "position": {
    "line": 5,
    "character": 7
  },
  "label": ": number[]",
  "kind": 1,
  "paddingLeft": true
}

const x = foo(1)
       ^
{
  "position": {
    "line": 9,
    "character": 7
  },
  "label": ": 1",
  "kind": 1,
  "paddingLeft": true
}